  4015E0      8E5 Code                ABBREAK_TEXT
  401EC8     5259 Code                ABBROWSE_TEXT
  407124     17F3 Code                ABDROPS_TEXT
  408918     11E3 Code                ABEIP_TEXT
  409AFC     28B4 Code                ABERROR_TEXT
  40C3B0     65F7 Code                ABFILE_TEXT
  4129A8      159 Code                ABFUZZY_TEXT
  412B04     2288 Code                ABPOPUP_TEXT
  414D8C     27F6 Code                ABQUERY_TEXT
  417584     4AB5 Code                ABREPORT_TEXT
  41C03C     1D40 Code                ABRESIZE_TEXT
  41DD7C       37 Code                ABRPATMG_TEXT
  41DDB4      E75 Code                ABRPPSEL_TEXT
  41EC2C      8C2 Code                ABTOOLBA_TEXT
  41F4F0     2B0D Code                ABUTIL_TEXT
  422000     1DF6 Code                ABWINDOW_TEXT
  423DF8     56E6 Code                ABWMFPAR_TEXT
  4294E0       80 Code                CWSYNCHC_TEXT
  429560       AB Code                CWUTIL_TEXT
  42960C     7133 Code                GEASYPOE001_TEXT
  430740     2230 Code                GEASYPOE002_TEXT
  432970     4F32 Code                GEASYPOE003_TEXT
  4378A4     13AF Code                GEASYPOE_BC0_TEXT
  438C54       13 Code                GEASYPOE_BC_TEXT
  438C68      16C Code                GEASYPOE_TEXT
  438DD4       23 Code                IEXE32_TEXT
  438DF8      1A9 Code                IMGX_BMP_TEXT
  438FA4        4 Code                IMGX_MTA_TEXT
  438FA8      6EA Code                IMGX_SAV_TEXT
  439694      22A Code                IMGX_TWN_TEXT
  4398C0      7EC Code                IMGX_VWR_TEXT
  43A0AC      766 Code                INIT_TEXT
  43A814       37 Code                INST00_TEXT
  43B000     1290 Initialized Data    $DEFAULTERRORS_DATA
  43C290       6F Initialized Data    ABBREAK_CONST
  43C300      125 Initialized Data    ABBROWSE_CONST
  43C428      BA8 Initialized Data    ABBROWSE_DATA
  43CFD0        6 Initialized Data    ABDROPS_CONST
  43CFD8      240 Initialized Data    ABDROPS_DATA
  43D218       23 Initialized Data    ABEIP_CONST
  43D23C       B4 Initialized Data    ABEIP_DATA
  43D2F0      16B Initialized Data    ABERROR_CONST
  43D45C      AA4 Initialized Data    ABERROR_DATA
  43DF00       CD Initialized Data    ABFILE_CONST
  43DFD0      3F8 Initialized Data    ABFILE_DATA
  43E3C8       B4 Initialized Data    ABFUZZY_DATA
  43E47C       2D Initialized Data    ABPOPUP_CONST
  43E4AC      128 Initialized Data    ABPOPUP_DATA
  43E5D4       DA Initialized Data    ABQUERY_CONST
  43E6B0       87 Initialized Data    ABQUERY_DATA
  43E738      12E Initialized Data    ABREPORT_CONST
  43E868      92C Initialized Data    ABREPORT_DATA
  43F194       28 Initialized Data    ABRESIZE_CONST
  43F1BC      23F Initialized Data    ABRESIZE_DATA
  43F3FC        1 Initialized Data    ABRPATMG_CONST
  43F400       44 Initialized Data    ABRPATMG_DATA
  43F444       76 Initialized Data    ABRPPSEL_CONST
  43F4BC      11D Initialized Data    ABRPPSEL_DATA
  43F5DC      390 Initialized Data    ABTOOLBA_DATA
  43F96C       71 Initialized Data    ABUTIL_CONST
  43F9E0      261 Initialized Data    ABUTIL_DATA
  43FC44       9B Initialized Data    ABWINDOW_DATA
  43FCE0      101 Initialized Data    ABWMFPAR_CONST
  43FDE4      E61 Initialized Data    ABWMFPAR_DATA
  440C48       48 Initialized Data    CWSYNCHC_DATA
  440C90       17 Initialized Data    CWUTIL_CONST
  440CA8       36 Initialized Data    CWUTIL_DATA
  440CE0      7AC Initialized Data    GEASYPOE001_CONST
  44148C     3F78 Initialized Data    GEASYPOE001_DATA
  445404      244 Initialized Data    GEASYPOE002_CONST
  445648      B34 Initialized Data    GEASYPOE002_DATA
  44617C      316 Initialized Data    GEASYPOE003_CONST
  446494     2F70 Initialized Data    GEASYPOE003_DATA
  449404       66 Initialized Data    GEASYPOE_BC0_CONST
  44946C     1728 Initialized Data    GEASYPOE_BC0_DATA
  44AB94      1F9 Initialized Data    GEASYPOE_CONST
  44AD90      A48 Initialized Data    GEASYPOE_DATA
  44B7D8       44 Initialized Data    IEXE32_DATA
  44B81C       24 Initialized Data    IMGX_BMP_DATA
  44B840        C Initialized Data    IMGX_SAV_CONST
  44B84C      124 Initialized Data    IMGX_SAV_DATA
  44B970       18 Initialized Data    IMGX_VWR_CONST
  44B988        0 Initialized Data    __CPPINI_CONS
  44B988      47C Initialized Data    __CPPINI_CONST
  44BE04        4 Initialized Data    __CPPINI_END
  44BE08        0 Initialized Data    __INIVMT_CONS
  44BE08      2F0 Initialized Data    __INIVMT_CONST
  44C0F8        0 Initialized Data    __INIVMT_CONST_END
  44C100     1623 Un-initialized Data $FUZZYMATCHER_BSS
  44D724       40 Un-initialized Data ABEIP_BSS
  44D764      404 Un-initialized Data ABERROR_BSS
  44DB68       10 Un-initialized Data ABFILE_BSS
  44DB78        4 Un-initialized Data ABFUZZY_BSS
  44DB7C      104 Un-initialized Data ABUTIL_BSS
  44DC80        0 Un-initialized Data ABWMFPAR_BSS
  44DC80        0 Un-initialized Data CWUTIL_BSS
  44DC80      3D9 Un-initialized Data GEASYPOE_BSS
  44F000        8 __T_L_S__DAT
  44F008      750 __T_L_S__DATA
  44F758        0 __T_L_S__DATA_END
  44F760        0 __T_L_S__BS
  44F760    15784 __T_L_S__BSS
  464EE4        0 __T_L_S__BSS_END

  4015E0 EVALUATELEVEL@F17LEVELMANAGERCLASSs
  40166C RESTORERESETBUFFER@F17LEVELMANAGERCLASSs
  4016E4 SAVERESETBUFFER@F17LEVELMANAGERCLASSs
  40177C RESTOREBUFFEROFF@F17LEVELMANAGERCLASS
  4017D0 RESTOREBUFFERON@F17LEVELMANAGERCLASS
  40183C SAVEBUFFER@F17LEVELMANAGERCLASS
  401890 REFRESHFIELDS@F17LEVELMANAGERCLASSs
  4019C8 RESETTOTALS@F17LEVELMANAGERCLASSs
  401A9C ASKLEVELOFF@F17LEVELMANAGERCLASSs
  401B64 ASKLEVELON@F17LEVELMANAGERCLASSs
  401BD0 ASKLEVEL@F17LEVELMANAGERCLASSUc
  401C90 RESET@F17LEVELMANAGERCLASS
  401E1C ASKBREAK@F17BREAKMANAGERCLASSUc
  401E74 RESET@F17BREAKMANAGERCLASS
  4024E4 KILL_@_WINDOWCOMPONENT_@_BROWSECLASS@F15WINDOWCOMPONENT
  4024F4 RESET_@_WINDOWCOMPONENT_@_BROWSECLASS@F15WINDOWCOMPONENTUc
  402508 RESETREQUIRED_@_WINDOWCOMPONENT_@_BROWSECLASS@F15WINDOWCOMPONENT
  402518 SETALERTS_@_WINDOWCOMPONENT_@_BROWSECLASS@F15WINDOWCOMPONENT
  40252C TAKEEVENT_@_WINDOWCOMPONENT_@_BROWSECLASS@F15WINDOWCOMPONENT
  402540 UPDATE_@_WINDOWCOMPONENT_@_BROWSECLASS@F15WINDOWCOMPONENT
  402554 UPDATEWINDOW_@_WINDOWCOMPONENT_@_BROWSECLASS@F15WINDOWCOMPONENT
  402568 DOSHOWWAITCURSOR@F11BROWSECLASSUc
  4025A0 SHOWWAITCURSOR@F11BROWSECLASSUc
  4025B4 SETUSEWAITCURSOR@F11BROWSECLASSUc
  4025BC UPDATEWINDOW@F11BROWSECLASS
  40279C UPDATEVIEWRECORD@F11BROWSECLASS
  402880 UPDATETOOLBARBUTTONS@F11BROWSECLASS
  402908 UPDATETHUMBFIXED@F11BROWSECLASS
  402AB8 UPDATETHUMB@F11BROWSECLASS
  402D5C UPDATERESETS@F11BROWSECLASS
  402D70 UPDATEBUFFER@F11BROWSECLASS
  402DA8 TAKEVCRSCROLL@F11BROWSECLASSl
  402E90 TAKESCROLL@F11BROWSECLASSl
  402F14 TAKENEWSELECTION@F11BROWSECLASS
  402FA8 TAKELOCATE@F11BROWSECLASS
  403020 TAKEKEY@F11BROWSECLASS
  4032C4 TAKEEVENT@F11BROWSECLASS
  4039D4 TAKECHOICECHANGED@F11BROWSECLASS
  403A3C TAKEACCEPTEDLOCATOR@F11BROWSECLASS
  403B30 GETUSEMRP@F11BROWSECLASS
  403B34 SETUSEMRP@F11BROWSECLASSUc
  403B38 SETUSEPOPUP@F11BROWSECLASSUc
  403B3C SETSORT@F11BROWSECLASSUcUc
  403C78 SETQUEUERECORD@F11BROWSECLASS
  403C98 SETALERTS@F11BROWSECLASS
  4041AC SCROLLPAGE@F11BROWSECLASSl
  404290 SCROLLONE@F11BROWSECLASSl
  4042F0 SCROLLEND@F11BROWSECLASSl
  404368 SAVESORT@F11BROWSECLASS
  40445C RESETTHUMBLIMITS@F11BROWSECLASS
  404598 RESETSORT@F11BROWSECLASSUc
  4045BC RESETRESETS@F11BROWSECLASS
  4045D0 RESETQUEUE@F11BROWSECLASSUc
  404B78 RESETFROMVIEW@F11BROWSECLASS
  404BB0 RESETFROMFILE@F11BROWSECLASS
  404BD4 RESETFROMBUFFER@F11BROWSECLASS
  404C44 RESETFROMASK@F11BROWSECLASSRUcRUc
  404E3C REPLACESORT@F11BROWSECLASSsb12LOCATORCLASS9STEPCLASS
  404F14 RECORDS@F11BROWSECLASS
  404F7C PREVIOUS@F11BROWSECLASS
  404FC8 POSTNEWSELECTION@F11BROWSECLASS
  405020 NOTIFYUPDATEERROR@F11BROWSECLASS
  405040 NEXT@F11BROWSECLASS
  40508C KILL@F11BROWSECLASS
  4052D0 INITSORT@F11BROWSECLASSUc
  405324 INIT@F11BROWSECLASS12ILISTCONTROLBi11BROWSEQUEUE15RELATIONMANAGER13WINDOWMANAGER
  405430 INIT@F11BROWSECLASSlRsbBiBq15RELATIONMANAGER13WINDOWMANAGER
  405494 FETCH@F11BROWSECLASSUc
  405720 CHECKEIP@F11BROWSECLASS
  4057E4 ASKRECORD@F11BROWSECLASSUc
  4057F8 ASK@F11BROWSECLASSUc
  4058C8 APPLYRANGE@F11BROWSECLASS
  405934 ADDTOOLBARTARGET@F11BROWSECLASS12TOOLBARCLASS
  405988 ADDSORTORDER@F11BROWSECLASS9STEPCLASSBk
  405A04 ADDLOCATOR@F11BROWSECLASS12LOCATORCLASS
  405A20 ADDFIELD@F11BROWSECLASSRsbRsb
  405A7C ADDFIELD@F11BROWSECLASSRlRl
  405ADC ADDFIELD@F11BROWSECLASSRuRu
  405B1C RECORDS_@_BROWSEQUEUE_@_STANDARDBEHAVIOR@F11BROWSEQUEUE
  405B28 INSERT_@_BROWSEQUEUE_@_STANDARDBEHAVIOR@F11BROWSEQUEUE
  405B34 INSERT_@_BROWSEQUEUE_@_STANDARDBEHAVIOR@F11BROWSEQUEUEl
  405B40 FETCH_@_BROWSEQUEUE_@_STANDARDBEHAVIOR@F11BROWSEQUEUEl
  405B4C UPDATE_@_BROWSEQUEUE_@_STANDARDBEHAVIOR@F11BROWSEQUEUE
  405B58 DELETE_@_BROWSEQUEUE_@_STANDARDBEHAVIOR@F11BROWSEQUEUE
  405B64 FREE_@_BROWSEQUEUE_@_STANDARDBEHAVIOR@F11BROWSEQUEUE
  405B70 WHO_@_BROWSEQUEUE_@_STANDARDBEHAVIOR@F11BROWSEQUEUEl
  405B80 GETVIEWPOSITION_@_BROWSEQUEUE_@_STANDARDBEHAVIOR@F11BROWSEQUEUE
  405B98 SETVIEWPOSITION_@_BROWSEQUEUE_@_STANDARDBEHAVIOR@F11BROWSEQUEUEsb
  405BD0 CHOICE_@_ILISTCONTROL_@_STANDARDBEHAVIOR@F12ILISTCONTROL
  405BDC GETCONTROL_@_ILISTCONTROL_@_STANDARDBEHAVIOR@F12ILISTCONTROL
  405BE0 GETITEMS_@_ILISTCONTROL_@_STANDARDBEHAVIOR@F12ILISTCONTROL
  405C14 GETVISIBLE_@_ILISTCONTROL_@_STANDARDBEHAVIOR@F12ILISTCONTROL
  405C48 SETCHOICE_@_ILISTCONTROL_@_STANDARDBEHAVIOR@F12ILISTCONTROLl
  405C9C SETCONTROL_@_ILISTCONTROL_@_STANDARDBEHAVIOR@F12ILISTCONTROLl
  405CA0 GETSELECTEDITEM_@_ILISTCONTROL_@_STANDARDBEHAVIOR@F12ILISTCONTROL
  405CFC INIT@F16STANDARDBEHAVIORBqRsbl
  405D14 TAKENEWSELECTION@F16BROWSEEIPMANAGER
  405DAC TAKECOMPLETED@F16BROWSEEIPMANAGERUc
  405F94 KILL@F16BROWSEEIPMANAGER
  405FC8 INIT@F16BROWSEEIPMANAGER
  40638C CLEARCOLUMN@F16BROWSEEIPMANAGER
  4063D4 UPDATEWINDOW@F18FILTERLOCATORCLASS
  4067F8 TAKEACCEPTED@F18FILTERLOCATORCLASS
  4068B4 RESET@F18FILTERLOCATORCLASS
  4068B8 TAKEKEY@F23INCREMENTALLOCATORCLASS
  4069EC SETALERTS@F23INCREMENTALLOCATORCLASSl
  406A48 UPDATEWINDOW@F17ENTRYLOCATORCLASS
  406A58 UPDATE@F17ENTRYLOCATORCLASS
  406B4C TAKEACCEPTED@F17ENTRYLOCATORCLASS
  406C04 SETSHADOW@F17ENTRYLOCATORCLASSsb
  406C40 SET@F17ENTRYLOCATORCLASS
  406CAC GETSHADOW@F17ENTRYLOCATORCLASS
  406CBC INIT@F17ENTRYLOCATORCLASSlRuUc
  406D54 TAKEKEY@F16STEPLOCATORCLASS
  406F80 SET@F16STEPLOCATORCLASS
  406F84 INIT@F16STEPLOCATORCLASSlRuUc
  406FAC UPDATEWINDOW@F12LOCATORCLASS
  406FB4 TAKEACCEPTED@F12LOCATORCLASS
  406FB8 SETSHADOW@F12LOCATORCLASSsb
  406FD4 SETENABLED@F12LOCATORCLASSUc
  407018 SETALERTS@F12LOCATORCLASSl
  40701C SETLOCATORFIELD@F12LOCATORCLASSRu
  407070 SET@F12LOCATORCLASS
  4070A0 RESET@F12LOCATORCLASS
  4070A4 INIT@F12LOCATORCLASSlRuUc11BROWSECLASS
  4070D8 INIT@F12LOCATORCLASSlRuUc
  4070F4 GETSHADOW@F12LOCATORCLASS
  407110 DESTRUCT@F12LOCATORCLASS
  40733C UNIQUEPOSITION@F18FILEDROPCOMBOCLASS
  40735C TAKEEVENT@F18FILEDROPCOMBOCLASS
  40750C TAKENEWSELECTION@F18FILEDROPCOMBOCLASSl
  407920 TAKENEWSELECTION@F18FILEDROPCOMBOCLASS
  407938 TAKEACCEPTED@F18FILEDROPCOMBOCLASS
  407AC8 RESETFROMITEM@F18FILEDROPCOMBOCLASSl
  407B50 RESETFROMLIST@F18FILEDROPCOMBOCLASS
  407C24 RESETQUEUE@F18FILEDROPCOMBOCLASSUc
  407C9C KEYVALID@F18FILEDROPCOMBOCLASS
  407D10 KILL@F18FILEDROPCOMBOCLASS
  407D2C INIT@F18FILEDROPCOMBOCLASSRulRsbBiBq15RELATIONMANAGER13WINDOWMANAGER10ERRORCLASSUcUcUc
  407DE0 GETQUEUEMATCH@F18FILEDROPCOMBOCLASSsb
  407F44 BUFFERMATCHES@F18FILEDROPCOMBOCLASS
  407F90 ASK@F18FILEDROPCOMBOCLASS
  408060 ADDRECORD@F18FILEDROPCOMBOCLASS
  4080B0 KILL_@_WINDOWCOMPONENT_@_FILEDROPCLASS@F15WINDOWCOMPONENT
  4080C0 RESET_@_WINDOWCOMPONENT_@_FILEDROPCLASS@F15WINDOWCOMPONENTUc
  4080D8 RESETREQUIRED_@_WINDOWCOMPONENT_@_FILEDROPCLASS@F15WINDOWCOMPONENT
  4080E4 SETALERTS_@_WINDOWCOMPONENT_@_FILEDROPCLASS@F15WINDOWCOMPONENT
  4080E8 TAKEEVENT_@_WINDOWCOMPONENT_@_FILEDROPCLASS@F15WINDOWCOMPONENT
  408120 UPDATE_@_WINDOWCOMPONENT_@_FILEDROPCLASS@F15WINDOWCOMPONENT
  408124 UPDATEWINDOW_@_WINDOWCOMPONENT_@_FILEDROPCLASS@F15WINDOWCOMPONENT
  408128 GETUSEMRP@F13FILEDROPCLASS
  40812C SETUSEMRP@F13FILEDROPCLASSUc
  408130 VALIDATERECORD@F13FILEDROPCLASS
  408138 TAKENEWSELECTION@F13FILEDROPCLASSl
  40820C TAKENEWSELECTION@F13FILEDROPCLASS
  408224 TAKEEVENT@F13FILEDROPCLASS
  408274 TAKEACCEPTED@F13FILEDROPCLASS
  408278 SETQUEUERECORD@F13FILEDROPCLASS
  40829C RESETQUEUE@F13FILEDROPCLASSUc
  408600 KILL@F13FILEDROPCLASS
  408648 INIT@F13FILEDROPCLASSlRsbBiBq15RELATIONMANAGER13WINDOWMANAGER
  408828 BUFFERMATCHES@F13FILEDROPCLASS
  408884 ADDUPDATEFIELD@F13FILEDROPCLASSRuRu
  4088C4 ADDRECORD@F13FILEDROPCLASS
  4088D8 ADDFIELD@F13FILEDROPCLASSRuRu
  408918 TAKENEWSELECTION@F10EIPMANAGER
  408990 TAKEFOCUSLOSS@F10EIPMANAGER
  4089E4 TAKEFIELDEVENT@F10EIPMANAGER
  408B34 TAKEEVENT@F10EIPMANAGER
  408BC4 TAKECOMPLETED@F10EIPMANAGERUc
  408C10 TAKEACTION@F10EIPMANAGERl
  408F18 TAKEACCEPTALL@F10EIPMANAGER
  409064 RUN@F10EIPMANAGERUc
  4090FC RESETCOLUMN@F10EIPMANAGER
  4091C4 GETEDIT@F10EIPMANAGER
  409220 NEXT@F10EIPMANAGER
  4092FC KILL@F10EIPMANAGER
  409484 INITCONTROLS@F10EIPMANAGER
  409690 INIT@F10EIPMANAGER
  4096FC CLEARCOLUMN@F10EIPMANAGER
  409744 ADDCONTROL@F10EIPMANAGER9EDITCLASSlUc
  4097A0 CREATECONTROL@F14EDITENTRYCLASS
  4097C4 RESETCONTROL@F9EDITCLASS
  4097C8 GETFEQ@F9EDITCLASS
  4097CC TAKEEVENT@F9EDITCLASSl
  409814 TAKEACCEPTED@F9EDITCLASSUc
  40982C SETREADONLY@F9EDITCLASSUc
  409888 SETALERTS@F9EDITCLASS
  409988 KILL@F9EDITCLASS
  4099B8 INIT@F9EDITCLASSllRu
  409C18 KILL_@_WINDOWCOMPONENT_@_HISTHANDLERCLASS@F15WINDOWCOMPONENT
  409C1C RESET_@_WINDOWCOMPONENT_@_HISTHANDLERCLASS@F15WINDOWCOMPONENTUc
  409C20 RESETREQUIRED_@_WINDOWCOMPONENT_@_HISTHANDLERCLASS@F15WINDOWCOMPONENT
  409C24 SETALERTS_@_WINDOWCOMPONENT_@_HISTHANDLERCLASS@F15WINDOWCOMPONENT
  409C28 TAKEEVENT_@_WINDOWCOMPONENT_@_HISTHANDLERCLASS@F15WINDOWCOMPONENT
  409C30 UPDATE_@_WINDOWCOMPONENT_@_HISTHANDLERCLASS@F15WINDOWCOMPONENT
  409C34 UPDATEWINDOW_@_WINDOWCOMPONENT_@_HISTHANDLERCLASS@F15WINDOWCOMPONENT
  409C48 VLBPROC@F16HISTHANDLERCLASSls
  409CF4 TAKEEVENT@F16HISTHANDLERCLASS
  409DBC INIT@F16HISTHANDLERCLASSBw10ERRORCLASS16ERRORHISTORYLIST
  409DC8 _VLBPROC@F16HISTHANDLERCLASSls
  409DD8 TAKEACCEPTED@F11MSGBOXCLASS
  409E14 SETUPADDITIONALFEQS@F11MSGBOXCLASS
  409E9C KILL@F11MSGBOXCLASS
  409EDC INIT@F11MSGBOXCLASS
  40A18C INIT@F11MSGBOXCLASSBw10ERRORCLASSOsbllll
  40A224 FETCHSTDBUTTON@F11MSGBOXCLASSs
  40A258 GETALLSTATUSVARIABLES@F10ERRORCLASS16ERRORSTATUSGROUP
  40A288 GETERRORBUFFERFATALITY@F10ERRORCLASS
  40A2B8 GETERRORBUFFERTITLE@F10ERRORCLASS
  40A2F0 GETERRORBUFFERID@F10ERRORCLASS
  40A314 SETMESSAGETEXT@F10ERRORCLASSsb
  40A364 SETKEYNAME@F10ERRORCLASSsb
  40A3B4 SETFIELDNAME@F10ERRORCLASSsb
  40A404 SETFILENAME@F10ERRORCLASSsb
  40A454 STOREERRORENTRY@F10ERRORCLASSUs
  40A584 GETHISTORYRESETONVIEW@F10ERRORCLASS
  40A5D0 SETHISTORYRESETONVIEW@F10ERRORCLASSUc
  40A618 GETHISTORYVIEWLEVEL@F10ERRORCLASS
  40A664 SETHISTORYVIEWLEVEL@F10ERRORCLASSl
  40A6AC GETHISTORYTHRESHOLD@F10ERRORCLASS
  40A6F8 SETHISTORYTHRESHOLD@F10ERRORCLASSl
  40A740 GETLOGERRORS@F10ERRORCLASS
  40A78C GETSILENT@F10ERRORCLASS
  40A7D8 SETDEFAULTCATEGORY@F10ERRORCLASSsa
  40A820 GETDEFAULTCATEGORY@F10ERRORCLASS
  40A86C VIEWHISTORY@F10ERRORCLASS
  40A898 THROWMESSAGE@F10ERRORCLASSssb
  40A8E8 THROW@F10ERRORCLASSs
  40A8FC TAKEUSER@F10ERRORCLASS
  40A958 TAKEPROGRAM@F10ERRORCLASS
  40A960 TAKEOTHER@F10ERRORCLASS
  40A968 TAKENOTIFY@F10ERRORCLASS
  40A9B4 TAKEFATAL@F10ERRORCLASS
  40AA40 TAKEERROR@F10ERRORCLASSs
  40AC44 TAKEBENIGN@F10ERRORCLASS
  40AC48 SUBSSTRING@F10ERRORCLASS
  40AFFC SETPROCEDURENAME@F10ERRORCLASSOsb
  40B0AC GETERRORENTRY@F10ERRORCLASSUs15ERRORENTRYGROUPl
  40B150 GETERRORENTRY@F10ERRORCLASSUs15ERRORENTRYGROUP
  40B184 SETID@F10ERRORCLASSUsl
  40B1BC SETID@F10ERRORCLASSUs
  40B1D8 SETKEY@F10ERRORCLASSsb
  40B214 SETFILE@F10ERRORCLASSsb
  40B250 SETFIELD@F10ERRORCLASSsb
  40B28C SETERRORS@F10ERRORCLASS
  40B310 SETERRORLOG@F10ERRORCLASS17ERRORLOGINTERFACE
  40B3B0 SETCATEGORY@F10ERRORCLASSssa
  40B3FC RESETHISTORY@F10ERRORCLASS
  40B424 REMOVEERROR@F10ERRORCLASSUs
  40B464 MESSAGEBOX@F10ERRORCLASSUcsbOsbOsblll
  40B4FC MSG@F10ERRORCLASSsbOsbOsblll
  40B848 MESSAGE@F10ERRORCLASSsll
  40B8AC KILL@F10ERRORCLASS
  40B950 INIT@F10ERRORCLASS16ERRORSTATUSCLASS
  40B9AC INIT@F10ERRORCLASS
  40BA80 HISTORYMSG@F10ERRORCLASSsblll
  40BC40 GETPROCEDURENAME@F10ERRORCLASS
  40BD14 GETCATEGORY@F10ERRORCLASSs
  40BD9C ADDHISTORY@F10ERRORCLASS
  40BDCC ADDERRORS@F10ERRORCLASS10ERRORBLOCK
  40BF78 ADDERROR@F10ERRORCLASSUsRsbRsbUcsa
  40C024 DESTRUCT@F10ERRORCLASS
  40C040 CONSTRUCT@F10ERRORCLASS
  40C058 DESTRUCT@F16ERRORSTATUSCLASS
  40C08C CONSTRUCT@F16ERRORSTATUSCLASS
  40C1C4 CLOSE_@_ERRORLOGINTERFACE_@_STANDARDERRORLOGCLASS@F17ERRORLOGINTERFACEUc
  40C1CC OPEN_@_ERRORLOGINTERFACE_@_STANDARDERRORLOGCLASS@F17ERRORLOGINTERFACEUc
  40C1D4 TAKE_@_ERRORLOGINTERFACE_@_STANDARDERRORLOGCLASS@F17ERRORLOGINTERFACEsb
  40C278 CLOSE@F21STANDARDERRORLOGCLASSUc
  40C2F4 OPEN@F21STANDARDERRORLOGCLASSUc
  40C39C DESTRUCT@F21STANDARDERRORLOGCLASS
  40C3A8 CONSTRUCT@F21STANDARDERRORLOGCLASS
  40C5F4 REMOVERELATIONFILEMAPPING@F12FILESMANAGER15RELATIONMANAGER
  40C614 REMOVERELATIONFILEMAPPING@F12FILESMANAGERl
  40C630 REMOVEFILEMAPPING@F12FILESMANAGER11FILEMANAGER
  40C64C REMOVEFILEMAPPING@F12FILESMANAGERl
  40C668 NOTEUSAGE@F12FILESMANAGER11FILEMANAGERUc
  40C740 NOTEOPEN@F12FILESMANAGER11FILEMANAGER
  40C784 NOTECLOSE@F12FILESMANAGER11FILEMANAGER
  40C814 GETRELATIONFILEMAPPING@F12FILESMANAGERl
  40C84C GETFILEMAPPING@F12FILESMANAGERl
  40C884 GETFILEID@F12FILESMANAGERBf
  40C89C FINDRECORD@F12FILESMANAGER11FILEMANAGER
  40C948 ADDFILEMAPPING@F12FILESMANAGER15RELATIONMANAGER
  40C9A4 ADDFILEMAPPING@F12FILESMANAGER11FILEMANAGER
  40CA00 DESTRUCT@F12FILESMANAGER
  40CA40 CONSTRUCT@F12FILESMANAGER
  40D198 OPENFILE_@_IFILEOPENSERVER_@_UNTHREADEDFILEOPENSERVER@F15IFILEOPENSERVERl
  40D228 CLOSEFILE_@_IFILEOPENSERVER_@_UNTHREADEDFILEOPENSERVER@F15IFILEOPENSERVER
  40D2A8 LINK_@_IFILEOPENSERVER_@_UNTHREADEDFILEOPENSERVER@F15IFILEOPENSERVER
  40D2F8 RELEASE_@_IFILEOPENSERVER_@_UNTHREADEDFILEOPENSERVER@F15IFILEOPENSERVER
  40D384 INIT@F24UNTHREADEDFILEOPENSERVERBf
  40D398 DESTRUCT@F24UNTHREADEDFILEOPENSERVER
  40D3BC CONSTRUCT@F24UNTHREADEDFILEOPENSERVER
  40D3EC OPENFILE_@_IFILEOPENSERVER_@_THREADEDFILEOPENSERVER@F15IFILEOPENSERVERl
  40D418 CLOSEFILE_@_IFILEOPENSERVER_@_THREADEDFILEOPENSERVER@F15IFILEOPENSERVER
  40D428 LINK_@_IFILEOPENSERVER_@_THREADEDFILEOPENSERVER@F15IFILEOPENSERVER
  40D434 RELEASE_@_IFILEOPENSERVER_@_THREADEDFILEOPENSERVER@F15IFILEOPENSERVER
  40D440 RELEASE@F14FILEOPENSERVER
  40D460 LINK@F14FILEOPENSERVER
  40D464 INIT@F14FILEOPENSERVERBf
  40D468 DESTRUCT@F14FILEOPENSERVER
  40D46C CONSTRUCT@F14FILEOPENSERVER
  40D474 VALIDATERECORD@F11VIEWMANAGER
  40D478 UNUSEVIEW@F11VIEWMANAGER
  40D510 USEVIEW@F11VIEWMANAGER
  40D5D4 SETSORT@F11VIEWMANAGERUc
  40D600 SETORDER@F11VIEWMANAGERsb
  40D690 SETFILTER@F11VIEWMANAGERsbsb
  40D7CC SETFILTER@F11VIEWMANAGERsb
  40D814 SAVEBUFFERS@F11VIEWMANAGER
  40D8C4 RESTOREBUFFERS@F11VIEWMANAGER
  40D92C RESET@F11VIEWMANAGER
  40D938 RESET@F11VIEWMANAGERUc
  40D980 PRIMERECORD@F11VIEWMANAGERUc
  40DAC4 PREVIOUS@F11VIEWMANAGER
  40DB28 OPEN@F11VIEWMANAGER
  40DBA4 NEXT@F11VIEWMANAGER
  40DC08 KILL@F11VIEWMANAGER
  40DD60 GETFIELDNAME@F11VIEWMANAGERRu
  40DF40 GETFIELDASCENDING@F11VIEWMANAGERRu
  40E2A4 INIT@F11VIEWMANAGERBi15RELATIONMANAGER9SORTORDER
  40E304 GETFREEELEMENTPOSITION@F11VIEWMANAGER
  40E35C GETFREEELEMENTNAME@F11VIEWMANAGER
  40E3B0 GETFREEELEMENTASCENDING@F11VIEWMANAGER
  40E408 CLEARFILESRECORD@F11VIEWMANAGER
  40E4C0 CLOSE@F11VIEWMANAGERUc
  40E4DC CLOSE@F11VIEWMANAGER
  40E4E8 APPLYRANGE@F11VIEWMANAGER
  40E6B4 APPLYORDER@F11VIEWMANAGER
  40E70C APPLYFILTER@F11VIEWMANAGER
  40EC70 APPENDORDER@F11VIEWMANAGERsb
  40ED50 ADDSORTORDER@F11VIEWMANAGERBk
  40EE1C DESTRUCT@F11VIEWMANAGER
  40EE30 DEFEREDADDRELATIONS@F15RELATIONMANAGER
  40EE34 UPDATESECONDARY@F15RELATIONMANAGERBk18BUFFEREDPAIRSCLASSUc
  40EFC4 UPDATE@F15RELATIONMANAGERUc
  40F1D8 INSERT@F15RELATIONMANAGER
  40F330 SETQUICKSCAN@F15RELATIONMANAGERUcUc
  40F43C SAVE@F15RELATIONMANAGER
  40F484 FORCEOPEN@F15RELATIONMANAGERUc
  40F494 OPEN@F15RELATIONMANAGERUc
  40F4BC OPENCLOSESERVER@F15RELATIONMANAGERUcUc
  40F640 LOGOUTINSERT@F15RELATIONMANAGER
  40F6D4 LOGOUTUPDATE@F15RELATIONMANAGER
  40F740 LOGOUTPRIME@F15RELATIONMANAGER
  40F820 LOGOUTDELETE@F15RELATIONMANAGER
  40F89C KILL@F15RELATIONMANAGER
  40F920 INIT@F15RELATIONMANAGER11FILEMANAGERUc
  40F958 DELETESECONDARY@F15RELATIONMANAGERBk18BUFFEREDPAIRSCLASSUcUc
  40FBF0 DELETE@F15RELATIONMANAGERUc
  40FE3C CLOSE@F15RELATIONMANAGERUc
  40FE48 CASCADEUPDATES@F15RELATIONMANAGER
  40FF24 CANCELAUTOINC@F15RELATIONMANAGER
  40FF38 ADDRELATIONLINK@F15RELATIONMANAGERRlRl
  40FFA0 ADDRELATIONLINK@F15RELATIONMANAGERRuRu
  40FFEC ADDRELATION@F15RELATIONMANAGER15RELATIONMANAGERUcUcBk
  41004C ADDRELATION@F15RELATIONMANAGER15RELATIONMANAGER
  410078 DEFEREDRELATIONS@F15RELATIONMANAGER
  4100A0 CONSTRUCT@F15RELATIONMANAGER
  4100A8 FUNCTIONCALLED_@_FILECALLBACKINTERFACE_@_FILEMANAGER@F21FILECALLBACKINTERFACEl6PARAMSRscRsc
  410154 FUNCTIONDONE_@_FILECALLBACKINTERFACE_@_FILEMANAGER@F21FILECALLBACKINTERFACEl6PARAMSRscRsc
  4102A0 POSTCREATE@F11FILEMANAGERRscRsc
  4102A8 PRECREATE@F11FILEMANAGERRscRsc
  4102B0 POSTFETCH@F11FILEMANAGERlBksbllRscRsc
  4102D4 PREFETCH@F11FILEMANAGERlBksbllRscRsc
  4102F8 POSTUPDATE@F11FILEMANAGERRscRsc
  410300 PREUPDATE@F11FILEMANAGERllRscRsc
  410308 POSTINSERT@F11FILEMANAGERRscRsc
  410310 PREINSERT@F11FILEMANAGERllRscRsc
  410318 POSTDELETE@F11FILEMANAGERRscRsc
  410320 PREDELETE@F11FILEMANAGERRscRsc
  410328 FUNCTIONDONE@F11FILEMANAGERl6PARAMSRscRsc
  41045C FUNCTIONCALLED@F11FILEMANAGERl6PARAMSRscRsc
  4105C0 GETAUTOINCDONE@F11FILEMANAGER
  4105C8 GETMRPSIZE@F11FILEMANAGER
  4105D0 SETMRPSIZE@F11FILEMANAGERUc
  4105D8 GETUSEMRP@F11FILEMANAGER
  4105E0 SETUSEMRP@F11FILEMANAGERUc
  4105E8 DELETED@F11FILEMANAGER
  4105EC DELETERECORD@F11FILEMANAGERUc
  410640 VALIDATERECORD@F11FILEMANAGERPl
  4106F8 VALIDATEFIELDS@F11FILEMANAGERllPl
  4107B4 VALIDATEFIELDSERVER@F11FILEMANAGERlUc
  410820 TRYVALIDATEFIELD@F11FILEMANAGERl
  410830 VALIDATEFIELD@F11FILEMANAGERl
  410840 USEFILE@F11FILEMANAGERUc
  410934 UPDATESERVER@F11FILEMANAGERUc
  410A2C UPDATE@F11FILEMANAGER
  410A38 TRYUPDATE@F11FILEMANAGER
  410A44 TRYREGET@F11FILEMANAGERsb
  410AEC TRYPRIMEAUTOINC@F11FILEMANAGER
  410AF8 TRYPREVIOUS@F11FILEMANAGER
  410B08 TRYOPEN@F11FILEMANAGER
  410B18 TRYNEXT@F11FILEMANAGER
  410B28 TRYINSERT@F11FILEMANAGER
  410B34 TRYFETCH@F11FILEMANAGERBk
  410B7C THROWMESSAGE@F11FILEMANAGERUssb
  410BD0 THROW@F11FILEMANAGER
  410BF4 THROW@F11FILEMANAGERUs
  410C0C SETKEY@F11FILEMANAGERBk
  410C64 SETERRORS@F11FILEMANAGER10ERRORCLASS
  410C68 SETERROR@F11FILEMANAGERUs
  410C80 SAVEFILE@F11FILEMANAGER
  410D9C SAVEBUFFER@F11FILEMANAGER
  410EF4 RESTOREFILE@F11FILEMANAGERRUs11FILEMANAGERUc
  411024 RESTOREFILE@F11FILEMANAGERRUsUc
  411034 RESTOREBUFFER@F11FILEMANAGERRUs11FILEMANAGERUc
  4111A4 RESTOREBUFFER@F11FILEMANAGERRUsUc
  4111B4 PRIMERECORD@F11FILEMANAGERUc
  4112C0 PRIMEFIELDS@F11FILEMANAGER
  4112C4 PRIMEAUTOINCSERVER@F11FILEMANAGERUc
  411874 PRIMEAUTOINC@F11FILEMANAGER
  411880 PREVIOUS@F11FILEMANAGER
  411890 POSITION@F11FILEMANAGER
  411910 OPENSERVER@F11FILEMANAGERUcUc
  411970 OPENFILE@F11FILEMANAGERUc
  411B90 OPEN@F11FILEMANAGER
  411BA0 NEXTSERVER@F11FILEMANAGERUcUc
  411CBC NEXT@F11FILEMANAGER
  411CCC KILL@F11FILEMANAGER
  411D10 KEYTOORDER@F11FILEMANAGERBkUc
  411E5C ISOPENED@F11FILEMANAGER
  411E7C INSERTSERVER@F11FILEMANAGERUc
  412094 INSERT@F11FILEMANAGER
  4120A0 INIT@F11FILEMANAGERBf10ERRORCLASS
  412180 INIT@F11FILEMANAGER
  4121BC GETOPENED@F11FILEMANAGER
  4121C4 GETNAME@F11FILEMANAGER
  41224C GETFIELDNAME@F11FILEMANAGERBkUc
  41229C GETFIELDASCENDING@F11FILEMANAGERBkUc
  4122D0 GETFIELD@F11FILEMANAGERBkUc
  41230C GETEOF@F11FILEMANAGER
  412314 GETCOMPONENTS@F11FILEMANAGERBk
  412330 FETCH@F11FILEMANAGERBk
  412368 EQUALBUFFER@F11FILEMANAGERRUs
  4124A4 CLOSE@F11FILEMANAGER
  412538 CLEARKEY@F11FILEMANAGERBkUcUcUc
  4125E8 CANCELAUTOINC@F11FILEMANAGER15RELATIONMANAGER
  412658 BINDFIELDS@F11FILEMANAGER
  41267C ADDKEY@F11FILEMANAGERBksbUc
  412974 DESTRUCT@F11FILEMANAGER
  4129A8 SETOPTION@F10FUZZYCLASSUcUc
  412A0C KILL@F10FUZZYCLASS
  412A10 INIT@F10FUZZYCLASS
  412A24 CONSTRUCT@F10FUZZYCLASS
  412D98 TOOLBOX@F10POPUPCLASSsb
  412E24 SETTRANSLATOR@F10POPUPCLASS15TRANSLATORCLASS
  412E34 SETTOOLBOX@F10POPUPCLASSsbUc
  412EA0 SETICON@F10POPUPCLASSsbsb
  412F18 SETITEMENABLE@F10POPUPCLASSsbUc
  412FC4 SETITEMCHECK@F10POPUPCLASSsbUc
  413070 SETITEM@F10POPUPCLASSllsbsb
  41328C RESETTOOLBOX@F10POPUPCLASS
  413694 LOCATENAME@F10POPUPCLASSsb
  413718 KILL@F10POPUPCLASS
  413734 INIT@F10POPUPCLASS
  413768 GETNAME@F10POPUPCLASSl
  413890 GETMENUTEXT@F10POPUPCLASS
  413B78 GETLASTSELECTION@F10POPUPCLASS
  413B88 GETITEMS@F10POPUPCLASSUc
  413C34 EXECUTEPOPUP@F10POPUPCLASSsbllUc
  413D0C EMPTYITEMS@F10POPUPCLASS
  413D18 DELETEITEM@F10POPUPCLASSsb
  413D60 CHECKMIMICS@F10POPUPCLASS
  413F20 ASKTOOLBOX@F10POPUPCLASSsb
  4143C4 ASK@F10POPUPCLASSllUc
  414520 ASK@F10POPUPCLASSll
  414530 ADDSUBMENU@F10POPUPCLASSsbsbsb
  4145F0 ADDSUBMENU@F10POPUPCLASSsbsb
  414658 ADDMENU@F10POPUPCLASSsbUc
  4147B4 ADDITEMMIMIC@F10POPUPCLASSsblOsb
  414894 ADDITEMEVENT@F10POPUPCLASSsbll
  414978 ADDITEM@F10POPUPCLASSsbsbsbUc
  414A0C ADDITEM@F10POPUPCLASSsbsb
  414A7C ADDITEM@F10POPUPCLASSsb
  4154D4 CLEARQUERY@F10QUERYCLASS
  41557C GETQUERIES@F10QUERYCLASS11SECTORQUEUE
  41561C RESTORE@F10QUERYCLASSsb
  415DAC TAKE@F10QUERYCLASS10POPUPCLASS
  415E4C SAVE@F10QUERYCLASSsb
  415FA8 SETQUICKPOPUP@F10QUERYCLASS10POPUPCLASSUs
  416560 QUOTE@F10QUERYCLASSsb
  416644 GETLIMIT@F10QUERYCLASSRscRscRUcUcRsc
  416C00 GETFILTER@F10QUERYCLASS
  41710C MAKEOPERATOR@FsbsbRscRsc
  4174D8 MAKEOPERATOR@Fsbsb
  417DB8 SETPOSITION@F16PAGEMANAGERCLASSlllll
  417E70 SETCENTRE@F16PAGEMANAGERCLASSlUcUc
  417ED4 KILL@F16PAGEMANAGERCLASS
  417F30 INIT@F16PAGEMANAGERCLASS17PRINTPREVIEWCLASSllRsb
  41804C HIGHLIGHT@F16PAGEMANAGERCLASSl
  4180CC GETPROP@F16PAGEMANAGERCLASSll
  41812C EXISTS@F16PAGEMANAGERCLASSl
  418148 DRAW@F16PAGEMANAGERCLASSll
  418848 DELETE@F16PAGEMANAGERCLASSl
  418890 DELETE@F16PAGEMANAGERCLASS
  4188B0 COORDCONTAINED@F16PAGEMANAGERCLASSll
  4189C4 TAKEWINDOWEVENT@F13REPORTMANAGER
  418BE4 TAKERECORD@F13REPORTMANAGER
  418D04 TAKENORECORDS@F13REPORTMANAGER
  418D14 TAKECLOSEEVENT@F13REPORTMANAGER
  418F14 TAKEACCEPTED@F13REPORTMANAGER
  418F44 SETDYNAMICCONTROLSATTRIBUTES@F13REPORTMANAGER
  418F48 SETSTATICCONTROLSATTRIBUTES@F13REPORTMANAGER
  418F4C PROCESSRESULTFILES@F13REPORTMANAGER15OUTPUTFILEQUEUE
  418F50 OPENREPORT@F13REPORTMANAGER
  419058 OPEN@F13REPORTMANAGER
  4190C8 KILL@F13REPORTMANAGER
  4191CC INIT@F13REPORTMANAGER12PROCESSCLASSBr17PRINTPREVIEWCLASS
  419304 NEXT@F13REPORTMANAGER
  419380 CANCELPRINTREPORT@F13REPORTMANAGER
  4193BC PRINTREPORT@F13REPORTMANAGER
  419640 ENDREPORT@F13REPORTMANAGER
  419678 ASKPREVIEW@F13REPORTMANAGER
  419740 ASK@F13REPORTMANAGER
  419794 GETOPENOUTPUTWHENFINISH@F13REPORTMANAGER
  41979C SETOPENOUTPUTWHENFINISH@F13REPORTMANAGERUc
  4197A4 GETUSEMRP@F13REPORTMANAGER
  4197AC SETUSEMRP@F13REPORTMANAGERUc
  4197B4 TAKECURRENTPAGE@F17PRINTPREVIEWCLASS
  419938 TAKEFIELDEVENT@F17PRINTPREVIEWCLASS
  419990 TAKEWINDOWEVENT@F17PRINTPREVIEWCLASS
  4199AC TAKEEVENT@F17PRINTPREVIEWCLASS
  41A040 TAKEACCEPTED@F17PRINTPREVIEWCLASS
  41A4FC SYNCIMAGEQUEUE@F17PRINTPREVIEWCLASS
  41A53C SETINIMANAGER@F17PRINTPREVIEWCLASS8INICLASS
  41A544 SETDEFAULTPAGES@F17PRINTPREVIEWCLASS
  41A58C RESETUSERZOOM@F17PRINTPREVIEWCLASS
  41A630 PROCESSRESULTFILES@F17PRINTPREVIEWCLASS15OUTPUTFILEQUEUE
  41A634 PARSEIMAGES@F17PRINTPREVIEWCLASSl
  41A6E0 ONPROCESSFILES@F17PRINTPREVIEWCLASS
  41A720 ONSAVEAS@F17PRINTPREVIEWCLASS
  41A770 OPEN@F17PRINTPREVIEWCLASS
  41AAC8 NEWZOOM@F17PRINTPREVIEWCLASS
  41AAE4 KILL@F17PRINTPREVIEWCLASS
  41AB84 INPAGELIST@F17PRINTPREVIEWCLASSl
  41AD90 INITWINDOWPOSITION@F17PRINTPREVIEWCLASSBw
  41AEB8 INIT@F17PRINTPREVIEWCLASS12PREVIEWQUEUE25REPORTTARGETSELECTORCLASS17WMFDOCUMENTPARSER
  41AED0 INIT@F17PRINTPREVIEWCLASS12PREVIEWQUEUE
  41B0D8 DRAWPAGE@F17PRINTPREVIEWCLASS
  41B180 DISPLAY@F17PRINTPREVIEWCLASSslUsUs
  41B4A4 DELETEIMAGEQUEUE@F17PRINTPREVIEWCLASSl
  41B4FC CONFIGMENUCHECKS@F17PRINTPREVIEWCLASS
  41B584 ASKTHUMBNAILS@F17PRINTPREVIEWCLASS
  41B680 ASKPRINTPAGES@F17PRINTPREVIEWCLASS
  41B844 ASKPAGE@F17PRINTPREVIEWCLASS
  41B97C CHILDPROCESSINGEND@F12PROCESSCLASSUs
  41B984 CHILDPROCESSINGSTART@F12PROCESSCLASSUs
  41B9B8 UPDATEDISPLAY@F12PROCESSCLASS
  41BA34 TAKERECORD@F12PROCESSCLASS
  41BA38 TAKELOCATE@F12PROCESSCLASS
  41BA68 TAKEACCEPTED@F12PROCESSCLASS
  41BA6C SETPROGRESSLIMITS@F12PROCESSCLASSsbsb
  41BB44 SETPROGRESSLIMITS@F12PROCESSCLASS
  41BC14 RESET@F12PROCESSCLASS
  41BCA0 NEXT@F12PROCESSCLASSUc
  41BF34 KILL@F12PROCESSCLASS
  41BF8C INIT@F12PROCESSCLASSBi15RELATIONMANAGERlPUcl
  41C194 SETPRIORITIES@F17WINDOWRESIZECLASS13POSITIONGROUP
  41C1E0 SETSIZE@F17WINDOWRESIZECLASSl13POSITIONGROUP
  41C294 GETSIZEINFO@F17WINDOWRESIZECLASSl13POSITIONGROUP
  41C3A8 RESTORECONTROLS@F17WINDOWRESIZECLASS
  41C3FC TAKERESIZE@F17WINDOWRESIZECLASS
  41C404 SETPOSITION@F17WINDOWRESIZECLASSl13POSITIONGROUP13POSITIONGROUP13POSITIONGROUP13POSITIONGROUP
  41CAE8 SETPARENTDEFAULT@F17WINDOWRESIZECLASS
  41CDD4 SETPARENTDEFAULTS@F17WINDOWRESIZECLASS
  41CE10 SETPARENTCONTROL@F17WINDOWRESIZECLASSll
  41CE84 RESTOREWINDOW@F17WINDOWRESIZECLASS
  41CF30 WINDOWRESIZEEND@F17WINDOWRESIZECLASS
  41CF34 WINDOWRESIZEBEGIN@F17WINDOWRESIZECLASS
  41CF38 RESIZECHILDREN@F17WINDOWRESIZECLASSl13POSITIONGROUP13POSITIONGROUP
  41D100 RESIZE@F17WINDOWRESIZECLASSl
  41D438 RESIZE@F17WINDOWRESIZECLASS
  41D448 RESET@F17WINDOWRESIZECLASS
  41D738 KILL@F17WINDOWRESIZECLASS
  41D7C4 INIT@F17WINDOWRESIZECLASSUcUcUc
  41D9D4 GETCURRENTPOS@F17WINDOWRESIZECLASSl13POSITIONGROUP
  41DA10 GETORIGPOS@F17WINDOWRESIZECLASSl13POSITIONGROUP
  41DA60 GETRESIZESTRATEGY@F17WINDOWRESIZECLASSsOUc
  41DBE0 GETPOSITIONSTRATEGY@F17WINDOWRESIZECLASSsOUc
  41DD58 GETPARENTCONTROL@F17WINDOWRESIZECLASSl
  41DD7C INIT@F22REPORTATTRIBUTEMANAGERBr
  41DD80 DESTRUCT@F22REPORTATTRIBUTEMANAGER
  41DDA0 CONSTRUCT@F22REPORTATTRIBUTEMANAGER
  41E3F4 DESTRUCT@F25REPORTTARGETSELECTORCLASS
  41E414 CONSTRUCT@F25REPORTTARGETSELECTORCLASS
  41E434 GETREPORTDEFAULT@F25REPORTTARGETSELECTORCLASS
  41E474 GETREPORTSELECTED@F25REPORTTARGETSELECTORCLASS
  41E4D8 GETDEFAULTITEMINDEX@F25REPORTTARGETSELECTORCLASS
  41E4DC GETSELECTEDITEMINDEX@F25REPORTTARGETSELECTORCLASS
  41E4E0 SETDEFAULTOUTPUTGENERATOR@F25REPORTTARGETSELECTORCLASSsb
  41E524 GETOUTPUTGENERATORINDEX@F25REPORTTARGETSELECTORCLASSsb
  41E604 SETSELECTEDOUTPUTGENERATOR@F25REPORTTARGETSELECTORCLASSsb
  41E674 GETOUTPUTGENERATOR@F25REPORTTARGETSELECTORCLASSsb
  41E6CC GETOUTPUTGENERATORNAME@F25REPORTTARGETSELECTORCLASSsUc
  41E748 FILLQUEUE@F25REPORTTARGETSELECTORCLASSBqUc
  41E814 GETPRINTSELECTED@F25REPORTTARGETSELECTORCLASS
  41E824 ITEM@F25REPORTTARGETSELECTORCLASSsUc
  41E914 ITEMS@F25REPORTTARGETSELECTORCLASSUc
  41E974 ASK@F25REPORTTARGETSELECTORCLASSUcUc
  41EC0C ADDITEM@F25REPORTTARGETSELECTORCLASS22IOUTPUTGENERATORTARGETUc
  41ECC0 TAKEEVENT@F12TOOLBARCLASSPl13WINDOWMANAGER
  41ECEC SETTARGET@F12TOOLBARCLASSl
  41ED94 KILL@F12TOOLBARCLASS
  41EDAC INIT@F12TOOLBARCLASS
  41EDCC DISPLAYBUTTONS@F12TOOLBARCLASS
  41EDF4 ADDTARGET@F12TOOLBARCLASS13TOOLBARTARGETl
  41EE28 TRYTAKETOOLBAR@F18TOOLBARUPDATECLASS
  41EE34 TAKEEVENT@F18TOOLBARUPDATECLASSPl13WINDOWMANAGER
  41EE70 TAKETOOLBAR@F18TOOLBARUPDATECLASS
  41EEB8 DISPLAYBUTTONS@F18TOOLBARUPDATECLASS
  41EF78 TRYTAKETOOLBAR@F19TOOLBARLISTBOXCLASS
  41EFCC TAKEEVENT@F19TOOLBARLISTBOXCLASSPl13WINDOWMANAGER
  41F114 TAKETOOLBAR@F19TOOLBARLISTBOXCLASS
  41F138 DISPLAYBUTTONS@F19TOOLBARLISTBOXCLASS
  41F164 TAKEEVENT@F13TOOLBARTARGETPl13WINDOWMANAGER
  41F1E4 DISPLAYBUTTONS@F13TOOLBARTARGET
  41F3C8 SETTIPS@Fsb
  41F4F0 UPDATEQUEUE@F8INICLASSsbsbBqRuPuPuPu
  41F714 UPDATE@F8INICLASSsbsbsb
  41F7D0 UPDATE@F8INICLASSsbBw
  41F9B0 UPDATE@F8INICLASS
  41F9B4 TRYFETCH@F8INICLASSsbsb
  41FA2C REMOVE@F8INICLASSsbsb
  41FB94 KILL@F8INICLASS
  41FCCC INIT@F8INICLASSsbll
  41FDE4 GETSECTORS@F8INICLASSOsbOsbOsb11SECTORQUEUE
  41FFF4 GETSECTOR@F8INICLASSsbsbsb
  4200E4 GETFAMILY@F8INICLASSsbRscRscRsc
  420268 FETCHQUEUE@F8INICLASSsbsbBqRuPuPuPu
  4204DC FETCHFIELD@F8INICLASSsbsbUc
  42061C FETCH@F8INICLASSsbsbRu
  4206E0 FETCH@F8INICLASSsbBw
  420940 FETCH@F8INICLASSsbsb
  420A18 FETCH@F8INICLASS
  420A1C ADDSECTOR@F8INICLASSsb
  420AFC UPDATEWINDOWINFO@F8INICLASSsb10WINDOWINFO
  420D68 FETCHWINDOWINFO@F8INICLASSsb10WINDOWINFO
  420FE0 UPDATE@F8INICLASSsbsbsbsb
  4211CC FETCH@F8INICLASSsbsbsbsb
  4213F0 DESTRUCT@F8INICLASS
  42140C CONSTRUCT@F8INICLASS
  421420 KILL@F18BUFFEREDPAIRSCLASS
  42149C INIT@F18BUFFEREDPAIRSCLASS
  4214BC EQUALRIGHTBUFFER@F18BUFFEREDPAIRSCLASSUc
  42154C EQUALLEFTBUFFER@F18BUFFEREDPAIRSCLASSUc
  4215D8 EQUALRIGHTBUFFER@F18BUFFEREDPAIRSCLASS
  4215E4 EQUALLEFTBUFFER@F18BUFFEREDPAIRSCLASS
  4215F0 ASSIGNRIGHTTOBUFFER@F18BUFFEREDPAIRSCLASS
  421638 ASSIGNLEFTTOBUFFER@F18BUFFEREDPAIRSCLASS
  42167C ASSIGNBUFFERTORIGHT@F18BUFFEREDPAIRSCLASS
  4216C4 ASSIGNBUFFERTOLEFT@F18BUFFEREDPAIRSCLASS
  421708 ADDPAIR@F18BUFFEREDPAIRSCLASSRuRu
  4217A8 INIT@F15FIELDPAIRSCLASS
  4217C4 KILL@F15FIELDPAIRSCLASS
  421828 EQUALLEFTRIGHT@F15FIELDPAIRSCLASS
  421878 EQUAL@F15FIELDPAIRSCLASS
  421880 CLEARRIGHT@F15FIELDPAIRSCLASS
  4218BC CLEARLEFT@F15FIELDPAIRSCLASS
  4218F4 ASSIGNRIGHTTOLEFT@F15FIELDPAIRSCLASS
  421938 ASSIGNLEFTTORIGHT@F15FIELDPAIRSCLASS
  42197C ADDPAIR@F15FIELDPAIRSCLASSRuRu
  4219C0 NEXT@F13CONSTANTCLASS
  421B7C SET@F13CONSTANTCLASSRsb
  421BD0 RESET@F13CONSTANTCLASS
  421C20 KILL@F13CONSTANTCLASS
  421C80 INIT@F13CONSTANTCLASSUc
  421CC4 GETCSTRING@F13CONSTANTCLASS
  421D44 GETPSTRING@F13CONSTANTCLASS
  421DD0 GETLONG@F13CONSTANTCLASS
  421DF4 GETUSHORT@F13CONSTANTCLASS
  421E1C GETSHORT@F13CONSTANTCLASS
  421E24 GETBYTE@F13CONSTANTCLASS
  421E38 ADDITEM@F13CONSTANTCLASSUcRu
  421E74 CONSTRUCT@F13CONSTANTCLASS
  421E8C REMOVEDOLLAR@Fsb
  421F60 ADDDOLLAR@Fsb
  4220E4 SAVEONINSERTACTION@F13WINDOWMANAGER
  422188 SAVEONCHANGEACTION@F13WINDOWMANAGER
  4222A0 DELETEACTION@F13WINDOWMANAGER
  42245C CHANGEACTION@F13WINDOWMANAGER
  4227CC INSERTACTION@F13WINDOWMANAGER
  4229BC TAKEDISABLEBUTTON@F13WINDOWMANAGERlUc
  4229E4 UPDATE@F13WINDOWMANAGER
  422A20 TAKEWINDOWEVENT@F13WINDOWMANAGER
  422C48 TAKESELECTED@F13WINDOWMANAGER
  422C4C TAKEREJECTED@F13WINDOWMANAGER
  422C88 TAKENOTIFY@F13WINDOWMANAGERlll
  422C8C TAKENEWSELECTION@F13WINDOWMANAGER
  422D0C TAKEFIELDEVENT@F13WINDOWMANAGER
  422D10 TAKEEVENT@F13WINDOWMANAGER
  422EC4 TAKECLOSEEVENT@F13WINDOWMANAGER
  423068 TAKECOMPLETED@F13WINDOWMANAGER
  423140 TAKEACCEPTED@F13WINDOWMANAGER
  42322C SETRESPONSE@F13WINDOWMANAGERUc
  423278 SETALERTS@F13WINDOWMANAGER
  423328 SAVEHISTORY@F13WINDOWMANAGER
  4233D0 RUN@F13WINDOWMANAGERUsUc
  4233D4 RUN@F13WINDOWMANAGER
  423420 RESTOREFIELD@F13WINDOWMANAGERl
  4234F4 RESETBUFFERS@F13WINDOWMANAGERUc
  423558 RESET@F13WINDOWMANAGERUc
  4235E0 PRIMEUPDATE@F13WINDOWMANAGER
  423724 PRIMEFIELDS@F13WINDOWMANAGER
  423728 POSTCOMPLETED@F13WINDOWMANAGER
  4237C0 OPEN@F13WINDOWMANAGERBwBw
  423808 OPEN@F13WINDOWMANAGER
  42384C MODALEVENT@F13WINDOWMANAGER
  423930 KILL@F13WINDOWMANAGER
  423A84 INIT@F13WINDOWMANAGER
  423B00 REMOVEITEM@F13WINDOWMANAGER15WINDOWCOMPONENT
  423B38 ASK@F13WINDOWMANAGER
  423B9C ADDUPDATEFILE@F13WINDOWMANAGER11FILEMANAGER
  423BDC ADDITEM@F13WINDOWMANAGER17WINDOWRESIZECLASS
  423BE4 ADDITEM@F13WINDOWMANAGER15WINDOWCOMPONENT
  423C10 ADDITEM@F13WINDOWMANAGER18TOOLBARUPDATECLASS
  423C68 ADDITEM@F13WINDOWMANAGER12TOOLBARCLASS
  423C7C ADDITEM@F13WINDOWMANAGERlUc
  423CA0 ADDITEM@F13WINDOWMANAGER11BROWSECLASS
  423CC8 ADDHISTORYFILE@F13WINDOWMANAGERRgRg
  423D20 ADDHISTORYFIELD@F13WINDOWMANAGERll
  423D48 DISABLECANCELCONTROLS@F13WINDOWMANAGER
  423DA0 ENABLECANCELCONTROLS@F13WINDOWMANAGER
  423FCC PROCESSDOCUMENT@F17WMFDOCUMENTPARSER
  42407C OPENDOCUMENT@F17WMFDOCUMENTPARSER
  4240E8 CLOSEDOCUMENT@F17WMFDOCUMENTPARSER
  424128 INIT@F17WMFDOCUMENTPARSER12PREVIEWQUEUE16IREPORTGENERATOR10ERRORCLASS
  4241C0 GENERATEREPORT@F17WMFDOCUMENTPARSERUc
  42455C TAKERECORD@F9WMFPARSER
  428DE0 PROCESSFILE@F9WMFPARSER
  428E00 PROCESSHEADER@F9WMFPARSER
  428FD4 ADDOBJECT@F9WMFPARSERUc
  429074 CLOSEFILE@F9WMFPARSER
  4290B4 RUN@F9WMFPARSER
  4290BC OPENFILE@F9WMFPARSER
  429180 KILL@F9WMFPARSER
  4291E8 INIT@F9WMFPARSERsb16IREPORTGENERATOR10ERRORCLASS
  4292B4 GETBOXBOTTOM@F9WMFPARSER
  4292BC GETBOXRIGHT@F9WMFPARSER
  4292C4 GETBOXTOP@F9WMFPARSER
  4292CC GETBOXLEFT@F9WMFPARSER
  4292D4 DESTRUCT@F9WMFPARSER
  4293B8 CONSTRUCT@F9WMFPARSER
  4294E0 GETIFACE@F15CRITICALSECTION
  4294E4 DESTRUCT@F15CRITICALSECTION
  4294F8 CONSTRUCT@F15CRITICALSECTION
  42950C KILL@F17CRITICALPROCEDURE
  429530 INIT@F17CRITICALPROCEDURE11ISYNCOBJECT
  429550 DESTRUCT@F17CRITICALPROCEDURE
  429558 CONSTRUCT@F17CRITICALPROCEDURE
  429560 BEGINUNIQUE@Fsb
  42F420 GEASYPOE001$PRESUPUESTO@F
  42F884 GEASYPOE001$SOE_BROWSE@F
  42FAA4 GEASYPOE001$TIPOOBRA@F
  42FCC4 GEASYPOE001$SOE_REPORTE@F
  42FEC0 GEASYPOE001$SOLICITUDESOBRASELECTRICAS@F
  430130 GEASYPOE001$POE_REPORTE@F
  4302FC GEASYPOE001$PRESUPUESTOSOBRASELECTRICAS@F
  430678 MAIN@F
  4323D4 GEASYPOE002$TDO_FORMULARIO@F
  4325B4 GEASYPOE002$SOLICITUD@F
  436474 GEASYPOE003$PRESUPUESTOSDETALLES@F
  4367A0 GEASYPOE003$RECHAZOSOLICITUD@F
  436878 GEASYPOE003$NRORECIBO@F
  436950 GEASYPOE003$MOTIVORECHAZO@F
  436A38 WNDSCANNING@F
  436D30 SOLICITUDESDETALLES@F
  437254 CHECKLOGIN@FsbsbRsbsbRs
  4375EC PASSWORDSCREEN@FUcRsRsbsb
  4376FC PASSWORDENCRYPT@Fsb
  4379FC KILL@F36HIDE:RELATE:EMAIL_OBRA_PRESUPUESTADA
  437A44 INIT@F36HIDE:RELATE:EMAIL_OBRA_PRESUPUESTADA
  437A7C USEFILE@F36HIDE:ACCESS:EMAIL_OBRA_PRESUPUESTADAUc
  437AF0 KILL@F36HIDE:ACCESS:EMAIL_OBRA_PRESUPUESTADA
  437B10 INIT@F36HIDE:ACCESS:EMAIL_OBRA_PRESUPUESTADA
  437B90 KILL@F24HIDE:RELATE:TIPO_DE_OBRA
  437BD8 DEFEREDADDRELATIONS@F24HIDE:RELATE:TIPO_DE_OBRA
  437BF8 INIT@F24HIDE:RELATE:TIPO_DE_OBRA
  437C30 USEFILE@F24HIDE:ACCESS:TIPO_DE_OBRAUc
  437CD4 KILL@F24HIDE:ACCESS:TIPO_DE_OBRA
  437CF4 INIT@F24HIDE:ACCESS:TIPO_DE_OBRA
  437D74 KILL@F20HIDE:RELATE:SQLQUERY
  437DBC INIT@F20HIDE:RELATE:SQLQUERY
  437DF4 USEFILE@F20HIDE:ACCESS:SQLQUERYUc
  437E68 KILL@F20HIDE:ACCESS:SQLQUERY
  437E88 INIT@F20HIDE:ACCESS:SQLQUERY
  437F08 KILL@F19HIDE:RELATE:SQLBLOB
  437F50 INIT@F19HIDE:RELATE:SQLBLOB
  437F88 USEFILE@F19HIDE:ACCESS:SQLBLOBUc
  437FFC KILL@F19HIDE:ACCESS:SQLBLOB
  43801C INIT@F19HIDE:ACCESS:SQLBLOB
  43809C KILL@F36HIDE:RELATE:SOLICITUD_OBRA_ELECTRICA
  4380E4 DEFEREDADDRELATIONS@F36HIDE:RELATE:SOLICITUD_OBRA_ELECTRICA
  438104 INIT@F36HIDE:RELATE:SOLICITUD_OBRA_ELECTRICA
  43813C VALIDATEFIELDSERVER@F36HIDE:ACCESS:SOLICITUD_OBRA_ELECTRICAlUc
  438234 USEFILE@F36HIDE:ACCESS:SOLICITUD_OBRA_ELECTRICAUc
  43838C PREINSERT@F36HIDE:ACCESS:SOLICITUD_OBRA_ELECTRICAllRscRsc
  43847C KILL@F36HIDE:ACCESS:SOLICITUD_OBRA_ELECTRICA
  43849C INIT@F36HIDE:ACCESS:SOLICITUD_OBRA_ELECTRICA
  43851C KILL@F38HIDE:RELATE:PRESUPUESTO_OBRA_ELECTRICA
  438564 DEFEREDADDRELATIONS@F38HIDE:RELATE:PRESUPUESTO_OBRA_ELECTRICA
  438584 INIT@F38HIDE:RELATE:PRESUPUESTO_OBRA_ELECTRICA
  4385BC VALIDATEFIELDSERVER@F38HIDE:ACCESS:PRESUPUESTO_OBRA_ELECTRICAlUc
  43869C USEFILE@F38HIDE:ACCESS:PRESUPUESTO_OBRA_ELECTRICAUc
  438798 KILL@F38HIDE:ACCESS:PRESUPUESTO_OBRA_ELECTRICA
  4387B8 INIT@F38HIDE:ACCESS:PRESUPUESTO_OBRA_ELECTRICA
  438838 GEASYPOE_BC0$GEASYPOE_BC0:FILESINIT@F
  4388BC GEASYPOE_BC0$GEASYPOE_BC0:DCTKILL@F
  4389AC GEASYPOE_BC0$GEASYPOE_BC0:DCTINIT@F
  438C54 DCTKILL@F
  438C5C DCTINIT@F
  438C68 _main
  438DBC DESTRUCT@F10DICTIONARY
  438DC4 CONSTRUCT@F10DICTIONARY
  438DF8 IMAGEEX:INTERNAL:GETBITMAPOBJPTR@F18IMAGEEXBITMAPCLASS
  438DFC IMAGEEX:INTERNAL:SETBITMAPOBJPTR@F18IMAGEEXBITMAPCLASSll
  438E1C IMAGEEX:INTERNAL:RESOLVECOLOR@Fl
  438E40 ROTATE270@F18IMAGEEXBITMAPCLASS18IMAGEEXBITMAPCLASS
  438E68 ROTATE90@F18IMAGEEXBITMAPCLASS18IMAGEEXBITMAPCLASS
  438E90 SETSTRETCHFILTER@F18IMAGEEXBITMAPCLASSl
  438EA8 SETMASTERALPHA@F18IMAGEEXBITMAPCLASSUc
  438EBC SETDRAWMODE@F18IMAGEEXBITMAPCLASSl
  438ECC SAVETOFILE@F18IMAGEEXBITMAPCLASSsb17IMAGEEXSAVERCLASS
  438F64 ASSIGN@F18IMAGEEXBITMAPCLASS18IMAGEEXBITMAPCLASS
  438F78 DESTRUCT@F18IMAGEEXBITMAPCLASS
  438F8C CONSTRUCT@F18IMAGEEXBITMAPCLASS
  438FA4 IMAGEEX:INTERNAL:GETMETADATAOBJPTR@F20IMAGEEXMETADATACLASS
  438FA8 IMAGEEX:INTERNAL:PIXELFORMAT2BPSSPP@FlRlRl
  43901C IMAGEEX:INTERNAL:SAVERSAVE@F17IMAGEEXSAVERCLASSll
  439024 DESTRUCT@F20IMAGEEXPDFSAVERCLASS
  439038 ENDCREATE@F20IMAGEEXPDFSAVERCLASS
  439060 ADDPAGE@F20IMAGEEXPDFSAVERCLASS18IMAGEEXBITMAPCLASS
  439094 BEGINCREATE@F20IMAGEEXPDFSAVERCLASSsb
  439120 SAVE@F20IMAGEEXPDFSAVERCLASSll
  43914C GETDEFAULTEXTENSION@F20IMAGEEXPDFSAVERCLASS
  439168 INSERTINTOFILE@F21IMAGEEXTIFFSAVERCLASSsbl18IMAGEEXBITMAPCLASS
  439280 SAVE@F21IMAGEEXTIFFSAVERCLASSll
  439318 GETDEFAULTEXTENSION@F21IMAGEEXTIFFSAVERCLASS
  439334 SAVE@F21IMAGEEXJPEGSAVERCLASSll
  439390 GETDEFAULTEXTENSION@F21IMAGEEXJPEGSAVERCLASS
  4393AC IMAGEEX:PICTUREDIALOG@FOsbRsbOsbl
  439694 IMAGEEX:INTERNAL:TWAINCALLBACK
  439734 ONSOURCEDISABLED@F17IMAGEEXTWAINCLASS
  439738 ONACQUIRECANCELLED@F17IMAGEEXTWAINCLASS
  43973C ONACQUIRED@F17IMAGEEXTWAINCLASS18IMAGEEXBITMAPCLASS
  439744 ACQUIRE@F17IMAGEEXTWAINCLASSll
  439798 SETINDICATORS@F17IMAGEEXTWAINCLASSl
  4397B4 SETPIXELTYPE@F17IMAGEEXTWAINCLASSl
  4397D0 SELECTSOURCE@F17IMAGEEXTWAINCLASS
  439894 DESTRUCT@F17IMAGEEXTWAINCLASS
  4398A4 CONSTRUCT@F17IMAGEEXTWAINCLASS
  4398C0 IMAGEEX:INTERNAL:VIEWERCALLBACK
  439A98 IMAGEEX:INTERNAL:CLASF2PASSF@Fl
  439AF4 ONMOUSELEAVE@F18IMAGEEXVIEWERCLASSll
  439AF8 ONMOUSEMOVE@F18IMAGEEXVIEWERCLASSll
  439AFC ONMOUSEENTER@F18IMAGEEXVIEWERCLASSll
  439B00 ONMOUSEUP@F18IMAGEEXVIEWERCLASSlll
  439B04 ONMOUSEDOWN@F18IMAGEEXVIEWERCLASSlll
  439B08 ONPAINTBUFFER@F18IMAGEEXVIEWERCLASS18IMAGEEXBITMAPCLASS
  439B0C ONZOOMCHANGED@F18IMAGEEXVIEWERCLASSff
  439B10 ONKILLFOCUS@F18IMAGEEXVIEWERCLASS
  439B14 ONSETFOCUS@F18IMAGEEXVIEWERCLASS
  439B18 ONHOTSPOTLEAVE@F18IMAGEEXVIEWERCLASS
  439B1C ONHOTSPOTCLICK@F18IMAGEEXVIEWERCLASSlll
  439B20 ONHOTSPOTENTER@F18IMAGEEXVIEWERCLASSll
  439B24 ZOOMTOFIT@F18IMAGEEXVIEWERCLASS
  439B40 ZOOMOUT@F18IMAGEEXVIEWERCLASS
  439B5C ZOOMIN@F18IMAGEEXVIEWERCLASS
  439B78 SETZOOMPERCENT@F18IMAGEEXVIEWERCLASSf
  439BE0 SETVISIBLE@F18IMAGEEXVIEWERCLASSl
  439BF8 SETSCROLLSVISIBLE@F18IMAGEEXVIEWERCLASSl
  439C10 SETPOSITION@F18IMAGEEXVIEWERCLASSOlOlOlOl
  439CB4 SETMOUSEMODE@F18IMAGEEXVIEWERCLASSl
  439CD0 SETBKCOLOR@F18IMAGEEXVIEWERCLASSl
  439CF4 SETALLOWFOCUS@F18IMAGEEXVIEWERCLASSl
  439D10 KILL@F18IMAGEEXVIEWERCLASS
  439D30 INIT@F18IMAGEEXVIEWERCLASSBwl
  43A054 DESTRUCT@F18IMAGEEXVIEWERCLASS
  43A084 CONSTRUCT@F18IMAGEEXVIEWERCLASS
  43A814 __thr_inst0
  43A824 __thr_init_entry
  43A844 __thr_init_exit
  43B000 $DEFAULTERRORS
  43C428 TYPE$BROWSECLASS
  43C810 TYPE$BROWSEEIPMANAGER
  43CAE4 VMT$BROWSEEIPMANAGER
  43CB88 VMT$BROWSECLASS
  43CD5C TYPE$STANDARDBEHAVIOR
  43CD98 VMT$STANDARDBEHAVIOR
  43CDE8 TYPE$FILTERLOCATORCLASS
  43CE68 VMT$FILTERLOCATORCLASS
  43CEA8 TYPE$INCREMENTALLOCATORCLASS
  43CF04 VMT$INCREMENTALLOCATORCLASS
  43CF44 TYPE$STEPLOCATORCLASS
  43CF94 VMT$STEPLOCATORCLASS
  43CFD8 TYPE$FILEDROPCLASS
  43D164 VMT$FILEDROPCLASS
  43D23C TYPE$COLORMAP
  43D268 TCB$COLORMAP
  43D278 TYPE$EDITENTRYCLASS
  43D2C0 VMT$EDITENTRYCLASS
  43D45C STDERRORFILE$TYPE$RECORD
  43D474 $STDERRORFILE
  43D4F0 TYPE$PNQ
  43D510 TYPE$DEFAULTERRORS
  43D790 TYPE$HISTHANDLERCLASS
  43D7D8 VMT$HISTHANDLERCLASS
  43D808 TYPE$MSGBOXCLASS
  43DA80 VMT$MSGBOXCLASS
  43DB08 TYPE$ERRORCLASS
  43DD64 VMT$ERRORCLASS
  43DDB0 TYPE$STANDARDERRORLOGCLASS
  43DDE8 VMT$STANDARDERRORLOGCLASS
  43DE00 TYPE$ERRORSTATUSCLASS
  43DEF4 VMT$ERRORSTATUSCLASS
  43DFD0 TYPE$UNTHREADEDFILEOPENERMAP
  43DFF4 TCB$UNTHREADEDFILEOPENERMAP
  43E004 TYPE$FILESMANAGER
  43E048 VMT$FILESMANAGER
  43E054 TYPE$FILEMAPPING_T
  43E080 TYPE$FILEMAPPING_R
  43E0B0 TYPE$STATUSQ_T
  43E118 TYPE$UNTHREADEDFILEOPENSERVER
  43E168 VMT$UNTHREADEDFILEOPENSERVER
  43E18C TYPE$THREADEDFILEOPENSERVER
  43E1C0 VMT$THREADEDFILEOPENSERVER
  43E3C8 TYPE$FUZZYCLASS
  43E470 VMT$FUZZYCLASS
  43E4AC TYPE$POPUPITEMQUEUE
  43E51C TYPE$POPUPCLASS
  43E5C8 VMT$POPUPCLASS
  43E6B0 TYPE$FIELDQUEUE
  43E89C TYPE$PAGEMANAGERCLASS
  43E954 VMT$PAGEMANAGERCLASS
  43E960 TYPE$ZOOMITEMQUEUE
  43E998 $ZOOMPRESETS
  43EA8C TYPE$PRINTPREVIEWCLASS
  43F0DC VMT$PRINTPREVIEWCLASS
  43F1BC TYPE$WINDOWRESIZECLASS
  43F400 TYPE$REPORTATTRIBUTEMANAGER
  43F41C VMT$REPORTATTRIBUTEMANAGER
  43F4BC TYPE$REPORTTARGETSELECTORCLASS
  43F548 VMT$REPORTTARGETSELECTORCLASS
  43F5DC TYPE$TOOLBARTARGETQUEUE
  43F5F8 $UPDATECHANGETIPS
  43F704 $UPDATEINSERTTIPS
  43F744 $LISTBOXTIPS
  43F800 TYPE$TOOLBARCLASS
  43F818 VMT$TOOLBARCLASS
  43F830 TYPE$TOOLBARUPDATECLASS
  43F8B8 VMT$TOOLBARUPDATECLASS
  43F8D4 TYPE$TOOLBARLISTBOXCLASS
  43F950 VMT$TOOLBARLISTBOXCLASS
  43F9F8 TYPE$CONSTDESCRIPTORLIST
  43FA20 TYPE$CONSTANTCLASS
  43FAC0 VMT$CONSTANTCLASS
  43FACC TYPE$INICLASS
  43FB14 VMT$INICLASS
  43FBA0 TYPE$BUFFEREDPAIRSCLASS
  43FBC4 VMT$BUFFEREDPAIRSCLASS
  43FBFC TYPE$FIELDPAIRSCLASS
  43FC14 VMT$FIELDPAIRSCLASS
  43FC44 TYPE$FILELIST
  43FC68 TYPE$HISTORYLIST
  43FCA0 TYPE$BUTTONLIST
  43FCC4 TYPE$COMPONENTLIST
  43FDE4 WMFINFILE$TYPE$WMFF@:RECORD
  43FE04 TYPE$QUEUEDC
  43FE68 TYPE$QUEUEHOLES
  43FE7C TYPE$QUEUEBRUSH
  43FEA8 TYPE$QUEUEPENS
  43FED4 TYPE$QUEUEFONTS
  43FF1C TYPE$QUEUEOBJECTS
  43FF38 TYPE$WMFDOCUMENTPARSER
  43FF9C VMT$WMFDOCUMENTPARSER
  43FFA8 TYPE$WMFPARSER
  440AC0 VMT$WMFPARSER
  440ACC TYPE$POINTQUEUE
  440AE8 TYPE$SLICEFORMATQUEUE
  440B90 TYPE$TEXTFORMATQUEUE
  440C48 TYPE$CRITICALSECTION
  440C60 VMT$CRITICALSECTION
  440C6C TYPE$CRITICALPROCEDURE
  440C84 VMT$CRITICALPROCEDURE
  44946C TYPE$HIDE:RELATE:EMAIL_OBRA_PRESUPUESTADA
  449510 VMT$HIDE:RELATE:EMAIL_OBRA_PRESUPUESTADA
  44954C TYPE$HIDE:ACCESS:EMAIL_OBRA_PRESUPUESTADA
  44975C VMT$HIDE:ACCESS:EMAIL_OBRA_PRESUPUESTADA
  449848 TYPE$HIDE:RELATE:TIPO_DE_OBRA
  4498EC VMT$HIDE:RELATE:TIPO_DE_OBRA
  449928 TYPE$HIDE:ACCESS:TIPO_DE_OBRA
  449B38 VMT$HIDE:ACCESS:TIPO_DE_OBRA
  449C24 TYPE$HIDE:RELATE:SQLQUERY
  449CC8 VMT$HIDE:RELATE:SQLQUERY
  449D04 TYPE$HIDE:ACCESS:SQLQUERY
  449F14 VMT$HIDE:ACCESS:SQLQUERY
  44A000 TYPE$HIDE:RELATE:SQLBLOB
  44A0A4 VMT$HIDE:RELATE:SQLBLOB
  44A0E0 TYPE$HIDE:ACCESS:SQLBLOB
  44A2F0 VMT$HIDE:ACCESS:SQLBLOB
  44A3DC TYPE$HIDE:RELATE:SOLICITUD_OBRA_ELECTRICA
  44A480 VMT$HIDE:RELATE:SOLICITUD_OBRA_ELECTRICA
  44A4BC TYPE$HIDE:ACCESS:SOLICITUD_OBRA_ELECTRICA
  44A6CC VMT$HIDE:ACCESS:SOLICITUD_OBRA_ELECTRICA
  44A7B8 TYPE$HIDE:RELATE:PRESUPUESTO_OBRA_ELECTRICA
  44A85C VMT$HIDE:RELATE:PRESUPUESTO_OBRA_ELECTRICA
  44A898 TYPE$HIDE:ACCESS:PRESUPUESTO_OBRA_ELECTRICA
  44AAA8 VMT$HIDE:ACCESS:PRESUPUESTO_OBRA_ELECTRICA
  44AD90 TYPE$DICTIONARY
  44ADA0 VMT$DICTIONARY
  44ADAC $GLO:GEA_PICO_GEACORPICO_CNX
  44ADE0 EMAIL_OBRA_PRESUPUESTADA$TYPE$EOP:RECORD
  44AF18 TIPO_DE_OBRA$TYPE$TDO:RECORD
  44AF70 SQLQUERY$TYPE$SQL:RECORD
  44B2E4 SQLBLOB$TYPE$SQB:RECORD
  44B380 SOLICITUD_OBRA_ELECTRICA$TYPE$SOE:RECORD
  44B64C PRESUPUESTO_OBRA_ELECTRICA$TYPE$POE:RECORD
  44B81C TYPE$IMAGEEXBITMAPCLASS
  44B834 VMT$IMAGEEXBITMAPCLASS
  44B84C TYPE$IMAGEEXPDFSAVERCLASS
  44B890 VMT$IMAGEEXPDFSAVERCLASS
  44B8A4 TYPE$IMAGEEXTIFFSAVERCLASS
  44B8EC VMT$IMAGEEXTIFFSAVERCLASS
  44B900 TYPE$IMAGEEXJPEGSAVERCLASS
  44B95C VMT$IMAGEEXJPEGSAVERCLASS
  44BE08 VMTP$DICTIONARY
  44BF70 VMTP$HIDE:RELATE:EMAIL_OBRA_PRESUPUESTADA
  44BF78 VMTP$HIDE:ACCESS:EMAIL_OBRA_PRESUPUESTADA
  44BF80 VMTP$HIDE:RELATE:TIPO_DE_OBRA
  44BF88 VMTP$HIDE:ACCESS:TIPO_DE_OBRA
  44BF90 VMTP$HIDE:RELATE:SQLQUERY
  44BF98 VMTP$HIDE:ACCESS:SQLQUERY
  44BFA0 VMTP$HIDE:RELATE:SQLBLOB
  44BFA8 VMTP$HIDE:ACCESS:SQLBLOB
  44BFB0 VMTP$HIDE:RELATE:SOLICITUD_OBRA_ELECTRICA
  44BFB8 VMTP$HIDE:ACCESS:SOLICITUD_OBRA_ELECTRICA
  44BFC0 VMTP$HIDE:RELATE:PRESUPUESTO_OBRA_ELECTRICA
  44BFC8 VMTP$HIDE:ACCESS:PRESUPUESTO_OBRA_ELECTRICA
  44BFD0 VMTP$FILESMANAGER
  44BFD8 VMTP$UNTHREADEDFILEOPENSERVER
  44BFE0 VMTP$THREADEDFILEOPENSERVER
  44BFE8 VMTP$CONSTANTCLASS
  44BFF0 VMTP$INICLASS
  44BFF8 VMTP$BUFFEREDPAIRSCLASS
  44C000 VMTP$FIELDPAIRSCLASS
  44C008 VMTP$POPUPCLASS
  44C010 VMTP$TOOLBARCLASS
  44C018 VMTP$TOOLBARUPDATECLASS
  44C020 VMTP$TOOLBARLISTBOXCLASS
  44C028 VMTP$EDITENTRYCLASS
  44C030 VMTP$BROWSEEIPMANAGER
  44C038 VMTP$BROWSECLASS
  44C040 VMTP$STANDARDBEHAVIOR
  44C048 VMTP$FILTERLOCATORCLASS
  44C050 VMTP$INCREMENTALLOCATORCLASS
  44C058 VMTP$STEPLOCATORCLASS
  44C060 VMTP$HISTHANDLERCLASS
  44C068 VMTP$MSGBOXCLASS
  44C070 VMTP$ERRORCLASS
  44C078 VMTP$STANDARDERRORLOGCLASS
  44C080 VMTP$ERRORSTATUSCLASS
  44C088 VMTP$FUZZYCLASS
  44C090 VMTP$IMAGEEXPDFSAVERCLASS
  44C098 VMTP$IMAGEEXTIFFSAVERCLASS
  44C0A0 VMTP$IMAGEEXJPEGSAVERCLASS
  44C0A8 VMTP$IMAGEEXBITMAPCLASS
  44C0B0 VMTP$WMFDOCUMENTPARSER
  44C0B8 VMTP$WMFPARSER
  44C0C0 VMTP$REPORTATTRIBUTEMANAGER
  44C0C8 VMTP$REPORTTARGETSELECTORCLASS
  44C0D0 VMTP$PAGEMANAGERCLASS
  44C0D8 VMTP$PRINTPREVIEWCLASS
  44C0E0 VMTP$FILEDROPCLASS
  44C0E8 VMTP$CRITICALSECTION
  44C0F0 VMTP$CRITICALPROCEDURE
  44C100 $FUZZYMATCHER
  44D724 $COLORMAP
  44D75C $MULTIWINDOW
  44D760 $TXTWINDOW
  44D764 $WINDOW
  44D768 STDERRORFILE$RECORD
  44DB68 $UNTHREADEDFILEOPENERMAP
  44DB70 $CREATEOPENERCRIT
  44DC80 $GLO:CONNECTSTRING
  44DCE8 $GLO:PARAMETROS
  44DCF4 $GLO:PASSWORD
  44DD08 $GLO:USERDB
  44DD1C $GLO:USUARIO
  44DD30 $GLO:NRORECIBO
  44DD40 $GLO:OBSMOTIVO
  44DDC4 $GLO:PATH
  44DEC4 $GLOBALERRORS
  44DEF8 $INIMGR
  44E010 MEMOS$EMAIL_OBRA_PRESUPUESTADA
  44E014 $GLO:ONEINSTANCE_TIPOOBRA_THREAD
  44E018 $GLO:ONEINSTANCE_TDO_FORMULARIO_THREAD
  44E01C $GLO:ONEINSTANCE_SOLICITUDESOBRASELECTRICAS_THREAD
  44E020 $GLO:ONEINSTANCE_SOLICITUDESDETALLES_THREAD
  44E024 $GLO:ONEINSTANCE_SOLICITUD_THREAD
  44E028 $GLO:ONEINSTANCE_SOE_BROWSE_THREAD
  44E02C $GLO:ONEINSTANCE_PRESUPUESTOSOBRASELECTRICAS_THREAD
  44E030 $GLO:ONEINSTANCE_PRESUPUESTOSDETALLES_THREAD
  44E034 $GLO:ONEINSTANCE_PRESUPUESTO_THREAD
  44E038 $GLO:ONEINSTANCE_MAIN_THREAD
  44E03C $GLO:SAVE
  44E040 $GLO:SOE_ID
  44E044 $GLO:ACCIONES
  44E048 $GLO:MOTIVO
  44E04C $GLO:SISTEMA
  44E050 $GLO:PERMISO
  44E054 $GLO:FECHALOGIN
  44E058 $GLO:ESADMIN
  44F008 $EMAIL_OBRA_PRESUPUESTADA
  44F05C TIPO_DE_OBRA$TDO:PK_TDO_TIPO
  44F080 KEYS$TIPO_DE_OBRA
  44F084 $TIPO_DE_OBRA
  44F0D8 $SQLQUERY
  44F12C SQLBLOB$SQB:IMAGEN
  44F14C MEMOS$SQLBLOB
  44F150 $SQLBLOB
  44F1A4 SOLICITUD_OBRA_ELECTRICA$SOE:PK_SOE_ID
  44F1C8 SOLICITUD_OBRA_ELECTRICA$SOE:FK_SOE_DNI
  44F1EC SOLICITUD_OBRA_ELECTRICA$SOE:FK_SOE_APELLIDO
  44F210 SOLICITUD_OBRA_ELECTRICA$SOE:FK_SOE_TIPO
  44F234 SOLICITUD_OBRA_ELECTRICA$SOE:FK_SOE_ESTADO
  44F258 KEYS$SOLICITUD_OBRA_ELECTRICA
  44F26C SOLICITUD_OBRA_ELECTRICA$SOE:SOE_DOCUMENTO
  44F28C MEMOS$SOLICITUD_OBRA_ELECTRICA
  44F290 $SOLICITUD_OBRA_ELECTRICA
  44F2E4 PRESUPUESTO_OBRA_ELECTRICA$POE:PK_POE_ID
  44F308 PRESUPUESTO_OBRA_ELECTRICA$POE:FK_POE_SOE_ID
  44F32C PRESUPUESTO_OBRA_ELECTRICA$POE:FK_POE_ESTADO
  44F350 KEYS$PRESUPUESTO_OBRA_ELECTRICA
  44F35C PRESUPUESTO_OBRA_ELECTRICA$POE:POE_DOCUMENTO
  44F37C MEMOS$PRESUPUESTO_OBRA_ELECTRICA
  44F380 $PRESUPUESTO_OBRA_ELECTRICA
  44F604 $EPOC
  44F704 $WMFINFILE
  44F760 $GLOBALERRORSTATUS
  450A84 $GLOBALREQUEST
  450A88 $GLOBALRESPONSE
  450A8C $VCRREQUEST
  450A90 $DICTIONARY
  450A94 EMAIL_OBRA_PRESUPUESTADA$EOP:RECORD
  450C44 TIPO_DE_OBRA$TDO:RECORD
  450C80 SQLQUERY$SQL:RECORD
  4524F8 SQLBLOB$SQB:RECORD
  452CD4 SOLICITUD_OBRA_ELECTRICA$SOE:RECORD
  452ECC PRESUPUESTO_OBRA_ELECTRICA$POE:RECORD
  452F10 $RELATE:EMAIL_OBRA_PRESUPUESTADA
  452F14 $ACCESS:EMAIL_OBRA_PRESUPUESTADA
  452F18 $RELATE:TIPO_DE_OBRA
  452F1C $ACCESS:TIPO_DE_OBRA
  452F20 $RELATE:SQLQUERY
  452F24 $ACCESS:SQLQUERY
  452F28 $RELATE:SQLBLOB
  452F2C $ACCESS:SQLBLOB
  452F30 $RELATE:SOLICITUD_OBRA_ELECTRICA
  452F34 $ACCESS:SOLICITUD_OBRA_ELECTRICA
  452F38 $RELATE:PRESUPUESTO_OBRA_ELECTRICA
  452F3C $ACCESS:PRESUPUESTO_OBRA_ELECTRICA
  453218 GEASYPOE_BC0$_HIDE:RELATE:EMAIL_OBRA_PRESUPUESTADA
  45321C GEASYPOE_BC0$_HIDE:ACCESS:EMAIL_OBRA_PRESUPUESTADA
  453220 GEASYPOE_BC0$_HIDE:RELATE:TIPO_DE_OBRA
  453224 GEASYPOE_BC0$_HIDE:ACCESS:TIPO_DE_OBRA
  453228 GEASYPOE_BC0$_HIDE:RELATE:SQLQUERY
  45322C GEASYPOE_BC0$_HIDE:ACCESS:SQLQUERY
  453230 GEASYPOE_BC0$_HIDE:RELATE:SQLBLOB
  453234 GEASYPOE_BC0$_HIDE:ACCESS:SQLBLOB
  453238 GEASYPOE_BC0$_HIDE:RELATE:SOLICITUD_OBRA_ELECTRICA
  45323C GEASYPOE_BC0$_HIDE:ACCESS:SOLICITUD_OBRA_ELECTRICA
  453240 GEASYPOE_BC0$_HIDE:RELATE:PRESUPUESTO_OBRA_ELECTRICA
  453244 GEASYPOE_BC0$_HIDE:ACCESS:PRESUPUESTO_OBRA_ELECTRICA
  453248 $FILESMANAGER
  453260 $SZDBTEXTLOG
  463B5C WMFINFILE$WMFF@:RECORD
  465000 __import_section_start
  467394 __import_section_end

Imports
ClaASC.dll:ASCII 4650A8
ClaDOS.dll:DOS 4650B8
ClaMSS.dll:MSSQL 4650C8
ClaRUN.dll:Cla$ACCEPTED 4654C8,401000
ClaRUN.dll:Cla$ADDqueue 4654CC
ClaRUN.dll:Cla$ADDqueuefkey 4654D0,401008
ClaRUN.dll:Cla$ADDqueuekey 4654D4,401010
ClaRUN.dll:Cla$ADDqueueptr 4654D8
ClaRUN.dll:Cla$AddressUfo 4654DC
ClaRUN.dll:Cla$AssignLong2RefUfo 4654E0
ClaRUN.dll:Cla$AssignReal2RefUfo 4654E4
ClaRUN.dll:Cla$AssignRefUfo 4654E8
ClaRUN.dll:Cla$BEEP 4654EC,401018
ClaRUN.dll:Cla$BindG 4654F0
ClaRUN.dll:Cla$BindV 4654F4
ClaRUN.dll:Cla$CHANGE 4654F8,401020
ClaRUN.dll:Cla$CHOICE 4654FC,401028
ClaRUN.dll:Cla$CLEAR 465500
ClaRUN.dll:Cla$CLEARqueue 465504
ClaRUN.dll:Cla$clearstr 465508
ClaRUN.dll:Cla$ClearType 46550C
ClaRUN.dll:Cla$ClearUfo 465510
ClaRUN.dll:Cla$CLOCK 465514,401030
ClaRUN.dll:Cla$CloneUfo 465518
ClaRUN.dll:Cla$CLOSEwindow 46551C,401038
ClaRUN.dll:Cla$code 465520
ClaRUN.dll:Cla$COMMAND 465524,401040
ClaRUN.dll:Cla$COMMIT 465528,401048
ClaRUN.dll:Cla$comparestr 46552C
ClaRUN.dll:Cla$CREATE 465530
ClaRUN.dll:Cla$DecAdd 465534
ClaRUN.dll:Cla$DecCompareN 465538
ClaRUN.dll:Cla$DecDistinct 46553C
ClaRUN.dll:Cla$DecDistinctR 465540
ClaRUN.dll:Cla$DecDivide 465544
ClaRUN.dll:Cla$DecMul 465548
ClaRUN.dll:Cla$DecSub 46554C
ClaRUN.dll:Cla$DecSubR 465550
ClaRUN.dll:Cla$DELETEqueue 465554,401050
ClaRUN.dll:Cla$DELETEREG 465558,401058
ClaRUN.dll:Cla$DESTROY 46555C,401060
ClaRUN.dll:Cla$DISABLE 465560,401068
ClaRUN.dll:Cla$DISPLAY 465564,401070
ClaRUN.dll:Cla$DISPOSEqueue 465568
ClaRUN.dll:Cla$DISPOSEref 46556C
ClaRUN.dll:Cla$DISPOSEvref 465570
ClaRUN.dll:Cla$Dlongpower 465574
ClaRUN.dll:Cla$DPopDec 465578
ClaRUN.dll:Cla$DPopLong 46557C
ClaRUN.dll:Cla$DPopReal 465580
ClaRUN.dll:Cla$DPopUlong 465584
ClaRUN.dll:Cla$DPushConstant 465588
ClaRUN.dll:Cla$DPushDec 46558C
ClaRUN.dll:Cla$DPushLong 465590
ClaRUN.dll:Cla$DPushULong 465594
ClaRUN.dll:Cla$DRound 465598
ClaRUN.dll:Cla$DStack2Stack 46559C
ClaRUN.dll:Cla$ENABLE 4655A0,401078
ClaRUN.dll:Cla$EndEventLoop 4655A4
ClaRUN.dll:Cla$EndEventLoops 4655A8
ClaRUN.dll:Cla$ENDPAGE 4655AC,401080
ClaRUN.dll:Cla$ERRORCODE 4655B0,401088
ClaRUN.dll:Cla$Evaluate 4655B4,401090
ClaRUN.dll:Cla$EVENT 4655B8,401098
ClaRUN.dll:Cla$FIELD 4655BC,4010A0
ClaRUN.dll:Cla$FILEERRORCODE 4655C0,4010A8
ClaRUN.dll:Cla$FILEERRORMSG 4655C4,4010B0
ClaRUN.dll:Cla$FileExists 4655C8,4010B8
ClaRUN.dll:Cla$FILE_ADDf 4655CC
ClaRUN.dll:Cla$FILE_BUFFER 4655D0,4010C0
ClaRUN.dll:Cla$FILE_BUILDf 4655D4,4010C8
ClaRUN.dll:Cla$FILE_BYTES 4655D8,4010D0
ClaRUN.dll:CLA$FILE_CALLBACK 4655DC,4010D8
ClaRUN.dll:Cla$FILE_CLEAR 4655E0
ClaRUN.dll:Cla$FILE_CLOSE 4655E4,4010E0
ClaRUN.dll:Cla$FILE_CREATE 4655E8
ClaRUN.dll:Cla$FILE_DELETE 4655EC,4010E8
ClaRUN.dll:CLA$FILE_DESTROY 4655F0
ClaRUN.dll:Cla$FILE_DO_PROPERTY 4655F4
ClaRUN.dll:Cla$FILE_DUPLICATEk 4655F8,4010F0
ClaRUN.dll:Cla$FILE_FLUSH 4655FC,4010F8
ClaRUN.dll:CLA$FILE_FREESTATE 465600,401100
ClaRUN.dll:Cla$FILE_GETfk 465604
ClaRUN.dll:Cla$FILE_GETfl 465608
ClaRUN.dll:Cla$FILE_GETflu 46560C
ClaRUN.dll:Cla$FILE_GETNULLS 465610,401108
ClaRUN.dll:CLA$FILE_GETSTATE 465614,401110
ClaRUN.dll:Cla$FILE_GET_PROPERTY 465618
ClaRUN.dll:Cla$FILE_NAME 46561C,401118
ClaRUN.dll:Cla$FILE_NEXT 465620,401120
ClaRUN.dll:Cla$FILE_NOMEMO 465624,401128
ClaRUN.dll:Cla$FILE_OPEN 465628,401130
ClaRUN.dll:Cla$FILE_POSITIONf 46562C,401138
ClaRUN.dll:Cla$FILE_POSITIONk 465630,401140
ClaRUN.dll:Cla$FILE_PREV 465634,401148
ClaRUN.dll:Cla$FILE_PUTf 465638
ClaRUN.dll:Cla$FILE_RECORDSf 46563C,401150
ClaRUN.dll:Cla$FILE_REGETf 465640,401158
ClaRUN.dll:Cla$FILE_REGETk 465644,401160
ClaRUN.dll:Cla$FILE_RESETf 465648,401168
ClaRUN.dll:Cla$FILE_RESETk 46564C,401170
ClaRUN.dll:CLA$FILE_RESTORESTATE 465650,401178
ClaRUN.dll:Cla$FILE_SEND 465654,401180
ClaRUN.dll:Cla$FILE_SETk 465658,401188
ClaRUN.dll:Cla$FILE_SETkk 46565C,401190
ClaRUN.dll:Cla$FILE_SETNULLS 465660,401198
ClaRUN.dll:Cla$FILE_SET_PROPERTY 465664
ClaRUN.dll:Cla$FILE_WATCH 465668,4011A0
ClaRUN.dll:Cla$FOCUS 46566C,4011A8
ClaRUN.dll:Cla$FREEqueue 465670
ClaRUN.dll:Cla$FREEqueuea 465674,4011B0
ClaRUN.dll:Cla$freestr 465678
ClaRUN.dll:Cla$FreeUfo 46567C
ClaRUN.dll:Cla$freewindow 465680
ClaRUN.dll:Cla$GETINI 465684,4011B8
ClaRUN.dll:Cla$GETPOSITION 465688,4011C0
ClaRUN.dll:Cla$GETPOSITIONw 46568C,4011C8
ClaRUN.dll:Cla$GetPropS 465690
ClaRUN.dll:Cla$GETqueuekey 465694,4011D0
ClaRUN.dll:Cla$GETqueueptr 465698
ClaRUN.dll:Cla$GETREG 46569C,4011D8
ClaRUN.dll:Cla$Group2Ufo 4656A0
ClaRUN.dll:Cla$HALT 4656A4,4011E0
ClaRUN.dll:Cla$HIDE 4656A8,4011E8
ClaRUN.dll:Cla$init 4656AC
ClaRUN.dll:Cla$INSTANCE 4656B0,4011F0
ClaRUN.dll:Cla$IsUfoString 4656B4,4011F8
ClaRUN.dll:Cla$KEYCHAR 4656B8,401200
ClaRUN.dll:Cla$KEYCODE 4656BC,401208
ClaRUN.dll:Cla$KEYSTATE 4656C0,401210
ClaRUN.dll:Cla$KEY_GET_PROPERTY 4656C4
ClaRUN.dll:Cla$LASTFIELD 4656C8,401218
ClaRUN.dll:Cla$LOGOUT 4656CC,401220
ClaRUN.dll:Cla$longtostr 4656D0
ClaRUN.dll:Cla$MATCH 4656D4,401228
ClaRUN.dll:Cla$Mem2Ufo 4656D8
ClaRUN.dll:Cla$MessageBox 4656DC,401230
ClaRUN.dll:Cla$MOUSEX 4656E0,401238
ClaRUN.dll:Cla$MOUSEY 4656E4,401240
ClaRUN.dll:Cla$NewMemB 4656E8
ClaRUN.dll:Cla$NewMemT 4656EC
ClaRUN.dll:Cla$NewMemZ 4656F0
ClaRUN.dll:Cla$NEWqueue 4656F4
ClaRUN.dll:Cla$NOTIFICATION 4656F8,401248
ClaRUN.dll:Cla$NOTIFY 4656FC,401250
ClaRUN.dll:Cla$OPENowned 465700,401258
ClaRUN.dll:Cla$OPENwindow 465704,401260
ClaRUN.dll:Cla$paopen 465708,401268
ClaRUN.dll:Cla$pmopen 46570C,401270
ClaRUN.dll:Cla$POINTERqueue 465710,401278
ClaRUN.dll:Cla$PopAString 465714
ClaRUN.dll:Cla$PopBind 465718,401280
ClaRUN.dll:Cla$PopCString 46571C
ClaRUN.dll:Cla$poperrcodes 465720,401288
ClaRUN.dll:Cla$PopReal 465724
ClaRUN.dll:Cla$PopString 465728
ClaRUN.dll:Cla$PopTemp 46572C
ClaRUN.dll:Cla$POPUP 465730,401290
ClaRUN.dll:Cla$POSITIONqueue 465734,401298
ClaRUN.dll:Cla$POST 465738,4012A0
ClaRUN.dll:Cla$PRESSKEY 46573C,4012A8
ClaRUN.dll:Cla$PRINTreport 465740
ClaRUN.dll:Cla$propen 465744,4012B0
ClaRUN.dll:Cla$PushAString 465748
ClaRUN.dll:Cla$PushBind 46574C,4012B8
ClaRUN.dll:Cla$PushCString 465750
ClaRUN.dll:Cla$pusherrcodes 465754,4012C0
ClaRUN.dll:Cla$PushLong 465758
ClaRUN.dll:Cla$PushPictLong 46575C
ClaRUN.dll:Cla$PushReal 465760
ClaRUN.dll:Cla$PushString 465764
ClaRUN.dll:Cla$PushUfo 465768
ClaRUN.dll:Cla$PUTINI 46576C,4012C8
ClaRUN.dll:Cla$PUTqueue 465770
ClaRUN.dll:Cla$PUTqueuekey 465774,4012D0
ClaRUN.dll:Cla$PUTREG 465778,4012D8
ClaRUN.dll:Cla$pwopen 46577C,4012E0
ClaRUN.dll:Cla$QUOTE 465780,4012E8
ClaRUN.dll:Cla$realdistinct 465784
ClaRUN.dll:Cla$RECORDSqueue 465788,4012F0
ClaRUN.dll:Cla$RefAssignAny 46578C
ClaRUN.dll:Cla$REGISTEREVENT 465790,4012F8
ClaRUN.dll:Cla$REGULAR 465794,401300
ClaRUN.dll:Cla$RemoveFile 465798,401308
ClaRUN.dll:Cla$ROLLBACK 46579C,401310
ClaRUN.dll:Cla$rterr 4657A0,401318
ClaRUN.dll:Cla$RUN 4657A4,401320
ClaRUN.dll:Cla$SELECT 4657A8,401328
ClaRUN.dll:Cla$SETCURSOR 4657AC,401330
ClaRUN.dll:Cla$SETKEYCODE 4657B0,401338
ClaRUN.dll:Cla$SETLAYOUT 4657B4,401340
ClaRUN.dll:Cla$SETPOSITION 4657B8,401348
ClaRUN.dll:Cla$SETPOSITIONw 4657BC,401350
ClaRUN.dll:Cla$SetPropF 4657C0
ClaRUN.dll:Cla$SetPropQ 4657C4
ClaRUN.dll:Cla$SetPropS 4657C8
ClaRUN.dll:Cla$SetPropV 4657CC
ClaRUN.dll:Cla$SETTARGET 4657D0,401358
ClaRUN.dll:Cla$SORTqueuekey 4657D4,401360
ClaRUN.dll:Cla$Stack2DStack 4657D8
ClaRUN.dll:Cla$Stack2Ufo 4657DC
ClaRUN.dll:Cla$StackCLIP 4657E0,401368
ClaRUN.dll:Cla$StackCompare 4657E4
ClaRUN.dll:Cla$StackCompareN 4657E8
ClaRUN.dll:Cla$StackCompareNEQ 4657EC
ClaRUN.dll:Cla$StackCompareR 4657F0
ClaRUN.dll:Cla$StackConcat 4657F4
ClaRUN.dll:Cla$StackConcatR 4657F8
ClaRUN.dll:Cla$StackCONTENTS 4657FC,401370
ClaRUN.dll:Cla$StackDEFORMAT2 465800
ClaRUN.dll:Cla$StackErrstr 465804,401378
ClaRUN.dll:Cla$StackHeap 465808
ClaRUN.dll:Cla$StackINLIST 46580C
ClaRUN.dll:Cla$StackINSTRING 465810,401380
ClaRUN.dll:Cla$StackLEFT 465814,401388
ClaRUN.dll:Cla$StackLen 465818,401390
ClaRUN.dll:Cla$StackLOWER 46581C,401398
ClaRUN.dll:Cla$StackNUMERIC 465820,4013A0
ClaRUN.dll:Cla$STACKpop 465824
ClaRUN.dll:Cla$StackRotate 465828
ClaRUN.dll:Cla$StackSUB 46582C,4013A8
ClaRUN.dll:Cla$StackUPPER 465830,4013B0
ClaRUN.dll:Cla$START 465834,4013B8
ClaRUN.dll:Cla$START2 465838,4013C0
ClaRUN.dll:Cla$StartEventLoop 46583C
ClaRUN.dll:Cla$storebtdate 465840
ClaRUN.dll:Cla$storebttime 465844
ClaRUN.dll:Cla$storecstr 465848
ClaRUN.dll:Cla$storestr 46584C
ClaRUN.dll:Cla$String2Ref 465850
ClaRUN.dll:Cla$THREAD 465854,4013C8
ClaRUN.dll:Cla$THREAD_FILE 465858
ClaRUN.dll:Cla$TODAY 46585C,4013D0
ClaRUN.dll:Cla$Ufo2Real 465860
ClaRUN.dll:Cla$UfoCompareN 465864
ClaRUN.dll:Cla$Ufodistinct 465868
ClaRUN.dll:Cla$UNHIDE 46586C,4013D8
ClaRUN.dll:Cla$UNQUOTE 465870,4013E0
ClaRUN.dll:Cla$UNREGISTEREVENT 465874,4013E8
ClaRUN.dll:Cla$UPDATE 465878,4013F0
ClaRUN.dll:Cla$VIEW_RESETvf 46587C,4013F8
ClaRUN.dll:Cla$VIEW_SETvl 465880,401400
ClaRUN.dll:Cla$WHAT 465884,401408
ClaRUN.dll:Cla$WHATqueue 465888,401410
ClaRUN.dll:Cla$WHO 46588C,401418
ClaRUN.dll:Cla$WHOqueue 465890,401420
ClaRUN.dll:Cla$YIELD 465894,401428
ClaRUN.dll:NewCriticalSection 465898,401430
ClaRUN.dll:THR$GetInstance 46589C,401438
ClaRUN.dll:VIEWDRIVER 4658A0
ClaRUN.dll:_exit 4658A4,401440
ClaRUN.dll:_fnsplit 4658A8,401448
ClaRUN.dll:_free 4658AC
ClaRUN.dll:_malloc 4658B0
ClaRUN.dll:__sysinit 4658B4,401450
ClaRUN.dll:__sysstart 4658B8,401458
Imgxcor5.dll:IE2Bitmap_Assign 465968,401460
Imgxcor5.dll:IE2Bitmap_Create 46596C,401468
Imgxcor5.dll:IE2Bitmap_Destroy 465970,401470
Imgxcor5.dll:IE2Bitmap_Rotate270 465974,401478
Imgxcor5.dll:IE2Bitmap_Rotate90 465978,401480
Imgxcor5.dll:IE2Bitmap_SetDrawMode 46597C,401488
Imgxcor5.dll:IE2Bitmap_SetMasterAlpha 465980,401490
Imgxcor5.dll:IE2Bitmap_SetStretchFilter 465984,401498
Imgxcor5.dll:IE2Saver_PDF 465988,4014A0
Imgxcor5.dll:IE2Viewer_Create 46598C,4014A8
Imgxcor5.dll:IE2Viewer_Destroy 465990,4014B0
Imgxcor5.dll:IE2Viewer_GetHandle 465994,4014B8
Imgxcor5.dll:IE2Viewer_GetInternalObjPtr 465998,4014C0
Imgxcor5.dll:IE2Viewer_GetPosition 46599C,4014C8
Imgxcor5.dll:IE2Viewer_SetAllowFocus 4659A0,4014D0
Imgxcor5.dll:IE2Viewer_SetBkColor 4659A4,4014D8
Imgxcor5.dll:IE2Viewer_SetMouseMode 4659A8,4014E0
Imgxcor5.dll:IE2Viewer_SetPosition 4659AC,4014E8
Imgxcor5.dll:IE2Viewer_SetScrollsVisible 4659B0,4014F0
Imgxcor5.dll:IE2Viewer_SetVisible 4659B4,4014F8
Imgxcor5.dll:IE2Viewer_SetZoomPercent 4659B8,401500
Imgxcor5.dll:IE2Viewer_ZoomIn 4659BC,401508
Imgxcor5.dll:IE2Viewer_ZoomOut 4659C0,401510
Imgxcor5.dll:IE2Viewer_ZoomToFit 4659C4,401518
Imgxcor5.dll:IE3PdfSaver_Add 4659C8,401520
Imgxcor5.dll:IE3PdfSaver_BeginCreate 4659CC,401528
Imgxcor5.dll:IE3PdfSaver_Create 4659D0,401530
Imgxcor5.dll:IE3PdfSaver_Destroy 4659D4,401538
Imgxcor5.dll:IE3PdfSaver_EndCreate 4659D8,401540
Imgxcor5.dll:IE3Saver_JPG 4659DC,401548
Imgxcor5.dll:IE3Saver_TIF 4659E0,401550
Imgxcor5.dll:IE3TiffHandler_InsertIntoFile 4659E4,401558
Imgxcor5.dll:IE3Twain_Acquire 4659E8,401560
Imgxcor5.dll:IE3Twain_Create 4659EC,401568
Imgxcor5.dll:IE3Twain_Destroy 4659F0,401570
Imgxcor5.dll:IE3Twain_SelectSource 4659F4,401578
Imgxcor5.dll:IE3TWAIN_SetIndicators 4659F8,401580
Imgxcor5.dll:IE3TWAIN_SetPixelType 4659FC,401588
Imgxcor5.dll:IE3Util_CreateFileStream 465A00,401590
Imgxcor5.dll:IE3Util_DestroyStream 465A04,401598
Imgxcor5.dll:IE3Util_PictureDialog 465A08,4015A0
KERNEL32.dll:CreateEventA 465A20,4015A8
KERNEL32.dll:GetLastError 465A24,4015B0
KERNEL32.dll:MulDiv 465A28,4015B8
USER32.dll:EnableWindow 465A44,4015C0
USER32.dll:GetSysColor 465A48,4015C8
USER32.dll:GetSystemMetrics 465A4C,4015D0
USER32.dll:SetForegroundWindow 465A50,4015D8



Entry Point:   438DD4